Component: ARM Compiler 5.06 update 4 (build 422) Tool: armlink [4d35d2]

==============================================================================

Section Cross References

    stm32l4xx_hal_tim.o(i.HAL_TIM_Base_DeInit) refers to stm32l4xx_hal_tim.o(i.HAL_TIM_Base_MspDeInit) for HAL_TIM_Base_MspDeInit
    stm32l4xx_hal_tim.o(i.HAL_TIM_Base_Init) refers to stm32l4xx_hal_tim.o(i.HAL_TIM_Base_MspInit) for HAL_TIM_Base_MspInit
    stm32l4xx_hal_tim.o(i.HAL_TIM_Base_Init) refers to stm32l4xx_hal_tim.o(i.TIM_Base_SetConfig) for TIM_Base_SetConfig
    stm32l4xx_hal_tim.o(i.HAL_TIM_Base_Start_DMA) refers to stm32l4xx_hal_dma.o(i.HAL_DMA_Start_IT) for HAL_DMA_Start_IT
    stm32l4xx_hal_tim.o(i.HAL_TIM_Base_Start_DMA) refers to stm32l4xx_hal_tim.o(i.TIM_DMAPeriodElapsedCplt) for TIM_DMAPeriodElapsedCplt
    stm32l4xx_hal_tim.o(i.HAL_TIM_Base_Start_DMA) refers to stm32l4xx_hal_tim.o(i.TIM_DMAError) for TIM_DMAError
    stm32l4xx_hal_tim.o(i.HAL_TIM_ConfigClockSource) refers to stm32l4xx_hal_tim.o(i.TIM_ETR_SetConfig) for TIM_ETR_SetConfig
    stm32l4xx_hal_tim.o(i.HAL_TIM_ConfigClockSource) refers to stm32l4xx_hal_tim.o(i.TIM_TI1_ConfigInputStage) for TIM_TI1_ConfigInputStage
    stm32l4xx_hal_tim.o(i.HAL_TIM_ConfigClockSource) refers to stm32l4xx_hal_tim.o(i.TIM_ITRx_SetConfig) for TIM_ITRx_SetConfig
    stm32l4xx_hal_tim.o(i.HAL_TIM_ConfigClockSource) refers to stm32l4xx_hal_tim.o(i.TIM_TI2_ConfigInputStage) for TIM_TI2_ConfigInputStage
    stm32l4xx_hal_tim.o(i.HAL_TIM_ConfigOCrefClear) refers to stm32l4xx_hal_tim.o(i.TIM_ETR_SetConfig) for TIM_ETR_SetConfig
    stm32l4xx_hal_tim.o(i.HAL_TIM_DMABurst_ReadStart) refers to stm32l4xx_hal_dma.o(i.HAL_DMA_Start_IT) for HAL_DMA_Start_IT
    stm32l4xx_hal_tim.o(i.HAL_TIM_DMABurst_ReadStart) refers to stm32l4xx_hal_tim.o(i.TIM_DMAPeriodElapsedCplt) for TIM_DMAPeriodElapsedCplt
    stm32l4xx_hal_tim.o(i.HAL_TIM_DMABurst_ReadStart) refers to stm32l4xx_hal_tim.o(i.TIM_DMAError) for TIM_DMAError
    stm32l4xx_hal_tim.o(i.HAL_TIM_DMABurst_ReadStart) refers to stm32l4xx_hal_tim.o(i.TIM_DMACaptureCplt) for TIM_DMACaptureCplt
    stm32l4xx_hal_tim.o(i.HAL_TIM_DMABurst_ReadStart) refers to stm32l4xx_hal_tim_ex.o(i.TIMEx_DMACommutationCplt) for TIMEx_DMACommutationCplt
    stm32l4xx_hal_tim.o(i.HAL_TIM_DMABurst_ReadStart) refers to stm32l4xx_hal_tim.o(i.TIM_DMATriggerCplt) for TIM_DMATriggerCplt
    stm32l4xx_hal_tim.o(i.HAL_TIM_DMABurst_ReadStop) refers to stm32l4xx_hal_dma.o(i.HAL_DMA_Abort) for HAL_DMA_Abort
    stm32l4xx_hal_tim.o(i.HAL_TIM_DMABurst_WriteStart) refers to stm32l4xx_hal_dma.o(i.HAL_DMA_Start_IT) for HAL_DMA_Start_IT
    stm32l4xx_hal_tim.o(i.HAL_TIM_DMABurst_WriteStart) refers to stm32l4xx_hal_tim.o(i.TIM_DMAPeriodElapsedCplt) for TIM_DMAPeriodElapsedCplt
    stm32l4xx_hal_tim.o(i.HAL_TIM_DMABurst_WriteStart) refers to stm32l4xx_hal_tim.o(i.TIM_DMAError) for TIM_DMAError
    stm32l4xx_hal_tim.o(i.HAL_TIM_DMABurst_WriteStart) refers to stm32l4xx_hal_tim.o(i.TIM_DMADelayPulseCplt) for TIM_DMADelayPulseCplt
    stm32l4xx_hal_tim.o(i.HAL_TIM_DMABurst_WriteStart) refers to stm32l4xx_hal_tim_ex.o(i.TIMEx_DMACommutationCplt) for TIMEx_DMACommutationCplt
    stm32l4xx_hal_tim.o(i.HAL_TIM_DMABurst_WriteStart) refers to stm32l4xx_hal_tim.o(i.TIM_DMATriggerCplt) for TIM_DMATriggerCplt
    stm32l4xx_hal_tim.o(i.HAL_TIM_DMABurst_WriteStop) refers to stm32l4xx_hal_dma.o(i.HAL_DMA_Abort) for HAL_DMA_Abort
    stm32l4xx_hal_tim.o(i.HAL_TIM_Encoder_DeInit) refers to stm32l4xx_hal_tim.o(i.HAL_TIM_Encoder_MspDeInit) for HAL_TIM_Encoder_MspDeInit
    stm32l4xx_hal_tim.o(i.HAL_TIM_Encoder_Init) refers to stm32l4xx_hal_tim.o(i.HAL_TIM_Encoder_MspInit) for HAL_TIM_Encoder_MspInit
    stm32l4xx_hal_tim.o(i.HAL_TIM_Encoder_Init) refers to stm32l4xx_hal_tim.o(i.TIM_Base_SetConfig) for TIM_Base_SetConfig
    stm32l4xx_hal_tim.o(i.HAL_TIM_Encoder_Start) refers to stm32l4xx_hal_tim.o(i.TIM_CCxChannelCmd) for TIM_CCxChannelCmd
    stm32l4xx_hal_tim.o(i.HAL_TIM_Encoder_Start_DMA) refers to stm32l4xx_hal_dma.o(i.HAL_DMA_Start_IT) for HAL_DMA_Start_IT
    stm32l4xx_hal_tim.o(i.HAL_TIM_Encoder_Start_DMA) refers to stm32l4xx_hal_tim.o(i.TIM_CCxChannelCmd) for TIM_CCxChannelCmd
    stm32l4xx_hal_tim.o(i.HAL_TIM_Encoder_Start_DMA) refers to stm32l4xx_hal_tim.o(i.TIM_DMACaptureCplt) for TIM_DMACaptureCplt
    stm32l4xx_hal_tim.o(i.HAL_TIM_Encoder_Start_DMA) refers to stm32l4xx_hal_tim.o(i.TIM_DMAError) for TIM_DMAError
    stm32l4xx_hal_tim.o(i.HAL_TIM_Encoder_Start_IT) refers to stm32l4xx_hal_tim.o(i.TIM_CCxChannelCmd) for TIM_CCxChannelCmd
    stm32l4xx_hal_tim.o(i.HAL_TIM_Encoder_Stop) refers to stm32l4xx_hal_tim.o(i.TIM_CCxChannelCmd) for TIM_CCxChannelCmd
    stm32l4xx_hal_tim.o(i.HAL_TIM_Encoder_Stop_DMA) refers to stm32l4xx_hal_tim.o(i.TIM_CCxChannelCmd) for TIM_CCxChannelCmd
    stm32l4xx_hal_tim.o(i.HAL_TIM_Encoder_Stop_IT) refers to stm32l4xx_hal_tim.o(i.TIM_CCxChannelCmd) for TIM_CCxChannelCmd
[...]
    HAL_InitTick                             0x08004b71   Thumb Code   118  stm32l4xx_hal_timebase_tim.o(i.HAL_InitTick)
    HAL_MspInit                              0x08004bf9   Thumb Code   140  stm32l4xx_hal_msp.o(i.HAL_MspInit)
    HAL_NVIC_EnableIRQ                       0x08004c89   Thumb Code    26  stm32l4xx_hal_cortex.o(i.HAL_NVIC_EnableIRQ)
    HAL_NVIC_SetPriority                     0x08004ca3   Thumb Code   124  stm32l4xx_hal_cortex.o(i.HAL_NVIC_SetPriority)
    HAL_NVIC_SetPriorityGrouping             0x08004d25   Thumb Code    32  stm32l4xx_hal_cortex.o(i.HAL_NVIC_SetPriorityGrouping)
    HAL_PWREx_ControlVoltageScaling          0x08004d4d   Thumb Code   128  stm32l4xx_hal_pwr_ex.o(i.HAL_PWREx_ControlVoltageScaling)
    HAL_PWREx_GetVoltageRange                0x08004dd9   Thumb Code    10  stm32l4xx_hal_pwr_ex.o(i.HAL_PWREx_GetVoltageRange)
    HAL_RCCEx_PeriphCLKConfig                0x08004de9   Thumb Code  1230  stm32l4xx_hal_rcc_ex.o(i.HAL_RCCEx_PeriphCLKConfig)
    HAL_RCC_ClockConfig                      0x080052bd   Thumb Code   470  stm32l4xx_hal_rcc.o(i.HAL_RCC_ClockConfig)
    HAL_RCC_GetClockConfig                   0x080054a5   Thumb Code    58  stm32l4xx_hal_rcc.o(i.HAL_RCC_GetClockConfig)
    HAL_RCC_GetHCLKFreq                      0x080054e9   Thumb Code     6  stm32l4xx_hal_rcc.o(i.HAL_RCC_GetHCLKFreq)
    HAL_RCC_GetPCLK1Freq                     0x080054f5   Thumb Code    36  stm32l4xx_hal_rcc.o(i.HAL_RCC_GetPCLK1Freq)
    HAL_RCC_GetPCLK2Freq                     0x08005521   Thumb Code    36  stm32l4xx_hal_rcc.o(i.HAL_RCC_GetPCLK2Freq)
    HAL_RCC_GetSysClockFreq                  0x0800554d   Thumb Code   356  stm32l4xx_hal_rcc.o(i.HAL_RCC_GetSysClockFreq)
    HAL_RCC_OscConfig                        0x080056c1   Thumb Code  1598  stm32l4xx_hal_rcc.o(i.HAL_RCC_OscConfig)
    HAL_RTC_GetDate                          0x08005d0d   Thumb Code    72  stm32l4xx_hal_rtc.o(i.HAL_RTC_GetDate)
    HAL_RTC_GetTime                          0x08005d59   Thumb Code    92  stm32l4xx_hal_rtc.o(i.HAL_RTC_GetTime)
    HAL_RTC_Init                             0x08005db9   Thumb Code   190  stm32l4xx_hal_rtc.o(i.HAL_RTC_Init)
    HAL_RTC_MspInit                          0x08005e7d   Thumb Code    26  rtc.o(i.HAL_RTC_MspInit)
    HAL_RTC_WaitForSynchro                   0x08005ea1   Thumb Code    58  stm32l4xx_hal_rtc.o(i.HAL_RTC_WaitForSynchro)
    HAL_SPI_Init                             0x08005edb   Thumb Code   192  stm32l4xx_hal_spi.o(i.HAL_SPI_Init)
    HAL_SPI_MspInit                          0x08005f9d   Thumb Code   104  spi.o(i.HAL_SPI_MspInit)
    HAL_SYSTICK_CLKSourceConfig              0x08006015   Thumb Code    40  stm32l4xx_hal_cortex.o(i.HAL_SYSTICK_CLKSourceConfig)
    HAL_SYSTICK_Config                       0x0800603d   Thumb Code    52  stm32l4xx_hal_cortex.o(i.HAL_SYSTICK_Config)
    HAL_TIMEx_BreakCallback                  0x08006071   Thumb Code     2  stm32l4xx_hal_tim_ex.o(i.HAL_TIMEx_BreakCallback)
    HAL_TIMEx_CommutationCallback            0x08006073   Thumb Code     2  stm32l4xx_hal_tim_ex.o(i.HAL_TIMEx_CommutationCallback)
    HAL_TIM_Base_Init                        0x08006075   Thumb Code    52  stm32l4xx_hal_tim.o(i.HAL_TIM_Base_Init)
    HAL_TIM_Base_MspInit                     0x080060a9   Thumb Code     2  stm32l4xx_hal_tim.o(i.HAL_TIM_Base_MspInit)
    HAL_TIM_Base_Start_IT                    0x080060ab   Thumb Code    30  stm32l4xx_hal_tim.o(i.HAL_TIM_Base_Start_IT)
    HAL_TIM_IC_CaptureCallback               0x080060c9   Thumb Code     2  stm32l4xx_hal_tim.o(i.HAL_TIM_IC_CaptureCallback)
    HAL_TIM_IRQHandler                       0x080060cb   Thumb Code   406  stm32l4xx_hal_tim.o(i.HAL_TIM_IRQHandler)
    HAL_TIM_OC_DelayElapsedCallback          0x08006261   Thumb Code     2  stm32l4xx_hal_tim.o(i.HAL_TIM_OC_DelayElapsedCallback)
    HAL_TIM_PWM_PulseFinishedCallback        0x08006263   Thumb Code     2  stm32l4xx_hal_tim.o(i.HAL_TIM_PWM_PulseFinishedCallback)
    HAL_TIM_PeriodElapsedCallback            0x08006265   Thumb Code    18  main.o(i.HAL_TIM_PeriodElapsedCallback)
    HAL_TIM_TriggerCallback                  0x0800627d   Thumb Code     2  stm32l4xx_hal_tim.o(i.HAL_TIM_TriggerCallback)
    HAL_UARTEx_WakeupCallback                0x0800627f   Thumb Code     2  stm32l4xx_hal_uart_ex.o(i.HAL_UARTEx_WakeupCallback)
    HAL_UART_ErrorCallback                   0x08006281   Thumb Code     2  stm32l4xx_hal_uart.o(i.HAL_UART_ErrorCallback)
    HAL_UART_IRQHandler                      0x08006285   Thumb Code   394  stm32l4xx_hal_uart.o(i.HAL_UART_IRQHandler)
    HAL_UART_Init                            0x08006415   Thumb Code   120  stm32l4xx_hal_uart.o(i.HAL_UART_Init)
    HAL_UART_MspInit                         0x0800648d   Thumb Code   148  usart.o(i.HAL_UART_MspInit)
    HAL_UART_Receive_IT                      0x08006531   Thumb Code   188  stm32l4xx_hal_uart.o(i.HAL_UART_Receive_IT)
    HAL_UART_RxCpltCallback                  0x080065ed   Thumb Code    46  stm32l4xx_it.o(i.HAL_UART_RxCpltCallback)
    HAL_UART_Transmit                        0x08006629   Thumb Code   198  stm32l4xx_hal_uart.o(i.HAL_UART_Transmit)
    HAL_UART_Transmit_DMA                    0x080066f1   Thumb Code   142  stm32l4xx_hal_uart.o(i.HAL_UART_Transmit_DMA)
    HAL_UART_TxCpltCallback                  0x0800678d   Thumb Code    46  stm32l4xx_it.o(i.HAL_UART_TxCpltCallback)
    HAL_UART_TxHalfCpltCallback              0x080067c9   Thumb Code     2  stm32l4xx_hal_uart.o(i.HAL_UART_TxHalfCpltCallback)
    HardFault_Handler                        0x080067cb   Thumb Code     4  stm32l4xx_it.o(i.HardFault_Handler)
    MPU_Delay                                0x08006ad3   Thumb Code    12  mpu9250.o(i.MPU_Delay)
    MPU_GetData                              0x08006ae1   Thumb Code   954  mpu9250.o(i.MPU_GetData)
    MPU_GetTimeStamp                         0x08006ed5   Thumb Code    12  mpu9250.o(i.MPU_GetTimeStamp)
    MPU_Init                                 0x08006ee1   Thumb Code   282  mpu9250.o(i.MPU_Init)
    MPU_ReadData                             0x08007001   Thumb Code    48  mpu9250.o(i.MPU_ReadData)
    MPU_WriteData                            0x08007035   Thumb Code    48  mpu9250.o(i.MPU_WriteData)
    MX_ADC1_Init                             0x08007069   Thumb Code   214  adc.o(i.MX_ADC1_Init)
    MX_DMA_Init                              0x08007149   Thumb Code    48  dma.o(i.MX_DMA_Init)
    MX_FREERTOS_Init                         0x0800717d   Thumb Code   208  freertos.o(i.MX_FREERTOS_Init)
    MX_GPIO_Init                             0x08007285   Thumb Code   162  gpio.o(i.MX_GPIO_Init)
    MX_I2C1_Init                             0x08007335   Thumb Code    74  i2c.o(i.MX_I2C1_Init)
    MX_IWDG_Init                             0x0800738d   Thumb Code    34  iwdg.o(i.MX_IWDG_Init)
    MX_RTC_Init                              0x080073b9   Thumb Code    44  rtc.o(i.MX_RTC_Init)
    MX_SPI2_Init                             0x080073ed   Thumb Code    72  spi.o(i.MX_SPI2_Init)
    MX_USART1_UART_Init                      0x0800743d   Thumb Code    56  usart.o(i.MX_USART1_UART_Init)
    MemManage_Handler                        0x0800747d   Thumb Code     4  stm32l4xx_it.o(i.MemManage_Handler)
    NMI_Handler                              0x08007481   Thumb Code     2  stm32l4xx_it.o(i.NMI_Handler)
    RTC_Bcd2ToByte                           0x080078f5   Thumb Code    22  stm32l4xx_hal_rtc.o(i.RTC_Bcd2ToByte)
    RTC_EnterInitMode                        0x0800790b   Thumb Code    62  stm32l4xx_hal_rtc.o(i.RTC_EnterInitMode)
    StartADCTask                             0x08007949   Thumb Code   586  freertos.o(i.StartADCTask)
    StartCMDTask                             0x08007c5d   Thumb Code   192  freertos.o(i.StartCMDTask)
    StartDefaultTask                         0x08007d5d   Thumb Code   338  freertos.o(i.StartDefaultTask)
    StartIdleMonitor                         0x08007f69   Thumb Code    24  cpu_utils.o(i.StartIdleMonitor)
    StartMPUTask                             0x08007f89   Thumb Code   546  freertos.o(i.StartMPUTask)
    StartPrintfGateKeeperTask                0x08008279   Thumb Code    70  freertos.o(i.StartPrintfGateKeeperTask)
    SysTick_Handler                          0x080082cd   Thumb Code     8  stm32l4xx_it.o(i.SysTick_Handler)
    SystemClock_Config                       0x080082d5   Thumb Code   216  main.o(i.SystemClock_Config)
    SystemInit                               0x080083b5   Thumb Code    68  system_stm32l4xx.o(i.SystemInit)
    TIM6_DAC_IRQHandler                      0x08008405   Thumb Code    10  stm32l4xx_it.o(i.TIM6_DAC_IRQHandler)
    TIM_Base_SetConfig                       0x08008415   Thumb Code   160  stm32l4xx_hal_tim.o(i.TIM_Base_SetConfig)
    UART_AdvFeatureConfig                    0x080084d5   Thumb Code   248  stm32l4xx_hal_uart.o(i.UART_AdvFeatureConfig)
    UART_CheckIdleState                      0x080085cd   Thumb Code   116  stm32l4xx_hal_uart.o(i.UART_CheckIdleState)
    UART_SetConfig                           0x080087d5   Thumb Code  1156  stm32l4xx_hal_uart.o(i.UART_SetConfig)
    UART_WaitOnFlagUntilTimeout              0x08008ccd   Thumb Code   108  stm32l4xx_hal_uart.o(i.UART_WaitOnFlagUntilTimeout)
    USART1_IRQHandler                        0x08008d39   Thumb Code    10  stm32l4xx_it.o(i.USART1_IRQHandler)
    UsageFault_Handler                       0x08008d49   Thumb Code     4  stm32l4xx_it.o(i.UsageFault_Handler)
    __ARM_fpclassify                         0x08008d4d   Thumb Code    48  fpclassify.o(i.__ARM_fpclassify)
    __hardfp_asin                            0x08008d81   Thumb Code   770  asin.o(i.__hardfp_asin)
    __hardfp_atan                            0x08009109   Thumb Code   622  atan.o(i.__hardfp_atan)
    __hardfp_atan2                           0x080093e1   Thumb Code   432  atan2.o(i.__hardfp_atan2)
    __kernel_poly                            0x080095d1   Thumb Code   248  poly.o(i.__kernel_poly)
    __mathlib_dbl_infnan                     0x080096c9   Thumb Code    20  dunder.o(i.__mathlib_dbl_infnan)
    __mathlib_dbl_infnan2                    0x080096dd   Thumb Code    20  dunder.o(i.__mathlib_dbl_infnan2)
    __mathlib_dbl_invalid                    0x080096f1   Thumb Code    24  dunder.o(i.__mathlib_dbl_invalid)
    __mathlib_dbl_underflow                  0x08009711   Thumb Code    24  dunder.o(i.__mathlib_dbl_underflow)
    _is_digit                                0x08009731   Thumb Code    14  __printf_wp.o(i._is_digit)
    _sys_exit                                0x0800973f   Thumb Code     2  user.o(i._sys_exit)
    atan                                     0x08009741   Thumb Code    16  atan.o(i.atan)
    dmp_enable_6x_lp_quat                    0x080097b5   Thumb Code    60  inv_mpu_dmp_motion_driver.o(i.dmp_enable_6x_lp_quat)
    dmp_enable_feature                       0x080097f1   Thumb Code   530  inv_mpu_dmp_motion_driver.o(i.dmp_enable_feature)
    dmp_enable_gyro_cal                      0x08009a0d   Thumb Code    62  inv_mpu_dmp_motion_driver.o(i.dmp_enable_gyro_cal)
    dmp_enable_lp_quat                       0x08009a65   Thumb Code    60  inv_mpu_dmp_motion_driver.o(i.dmp_enable_lp_quat)
    dmp_load_motion_driver_firmware          0x08009aa1   Thumb Code    20  inv_mpu_dmp_motion_driver.o(i.dmp_load_motion_driver_firmware)
    dmp_read_fifo                            0x08009ab9   Thumb Code   456  inv_mpu_dmp_motion_driver.o(i.dmp_read_fifo)
    dmp_set_fifo_rate                        0x08009c8d   Thumb Code    96  inv_mpu_dmp_motion_driver.o(i.dmp_set_fifo_rate)
    dmp_set_orientation                      0x08009cfd   Thumb Code   290  inv_mpu_dmp_motion_driver.o(i.dmp_set_orientation)
    dmp_set_shake_reject_thresh              0x08009e35   Thumb Code    56  inv_mpu_dmp_motion_driver.o(i.dmp_set_shake_reject_thresh)
    dmp_set_shake_reject_time                0x08009e6d   Thumb Code    38  inv_mpu_dmp_motion_driver.o(i.dmp_set_shake_reject_time)
    dmp_set_shake_reject_timeout             0x08009e93   Thumb Code    38  inv_mpu_dmp_motion_driver.o(i.dmp_set_shake_reject_timeout)
    dmp_set_tap_axes                         0x08009eb9   Thumb Code    70  inv_mpu_dmp_motion_driver.o(i.dmp_set_tap_axes)
    dmp_set_tap_count                        0x08009eff   Thumb Code    38  inv_mpu_dmp_motion_driver.o(i.dmp_set_tap_count)
    dmp_set_tap_thresh                       0x08009f25   Thumb Code   412  inv_mpu_dmp_motion_driver.o(i.dmp_set_tap_thresh)
    dmp_set_tap_time                         0x0800a0e5   Thumb Code    38  inv_mpu_dmp_motion_driver.o(i.dmp_set_tap_time)
    dmp_set_tap_time_multi                   0x0800a10b   Thumb Code    38  inv_mpu_dmp_motion_driver.o(i.dmp_set_tap_time_multi)
    fabs                                     0x0800a131   Thumb Code    24  fabs.o(i.fabs)
    fputc                                    0x0800a149   Thumb Code    22  user.o(i.fputc)
    main                                     0x0800a661   Thumb Code    74  main.o(i.main)
    mpu_configure_fifo                       0x0800a6c9   Thumb Code   106  inv_mpu.o(i.mpu_configure_fifo)
    mpu_get_accel_fsr                        0x0800a739   Thumb Code    72  inv_mpu.o(i.mpu_get_accel_fsr)
    mpu_get_compass_reg                      0x0800a785   Thumb Code   202  inv_mpu.o(i.mpu_get_compass_reg)
    mpu_get_fifo_config                      0x0800a855   Thumb Code    12  inv_mpu.o(i.mpu_get_fifo_config)
    mpu_get_gyro_fsr                         0x0800a865   Thumb Code    64  inv_mpu.o(i.mpu_get_gyro_fsr)
    mpu_get_lpf                              0x0800a8a9   Thumb Code    74  inv_mpu.o(i.mpu_get_lpf)
    mpu_get_sample_rate                      0x0800a8f9   Thumb Code    26  inv_mpu.o(i.mpu_get_sample_rate)
    mpu_get_temperature                      0x0800a919   Thumb Code   142  inv_mpu.o(i.mpu_get_temperature)
    mpu_init                                 0x0800a9b5   Thumb Code   292  inv_mpu.o(i.mpu_init)
    mpu_load_firmware                        0x0800aadd   Thumb Code   180  inv_mpu.o(i.mpu_load_firmware)
    mpu_lp_accel_mode                        0x0800ab95   Thumb Code   280  inv_mpu.o(i.mpu_lp_accel_mode)
    mpu_read_fifo_stream                     0x0800acb1   Thumb Code   186  inv_mpu.o(i.mpu_read_fifo_stream)
    mpu_read_mem                             0x0800ad71   Thumb Code   122  inv_mpu.o(i.mpu_read_mem)
    mpu_reset_fifo                           0x0800adf1   Thumb Code   450  inv_mpu.o(i.mpu_reset_fifo)
    mpu_run_self_test                        0x0800afb9   Thumb Code   168  inv_mpu.o(i.mpu_run_self_test)
    mpu_set_accel_fsr                        0x0800b065   Thumb Code   126  inv_mpu.o(i.mpu_set_accel_fsr)
    mpu_set_bypass                           0x0800b0e9   Thumb Code   328  inv_mpu.o(i.mpu_set_bypass)
    mpu_set_compass_sample_rate              0x0800b235   Thumb Code    92  inv_mpu.o(i.mpu_set_compass_sample_rate)
    mpu_set_dmp_state                        0x0800b295   Thumb Code   138  inv_mpu.o(i.mpu_set_dmp_state)
    mpu_set_gyro_fsr                         0x0800b325   Thumb Code   132  inv_mpu.o(i.mpu_set_gyro_fsr)
    mpu_set_int_latched                      0x0800b3ad   Thumb Code   102  inv_mpu.o(i.mpu_set_int_latched)
    mpu_set_lpf                              0x0800b419   Thumb Code   126  inv_mpu.o(i.mpu_set_lpf)
    mpu_set_sample_rate                      0x0800b49d   Thumb Code   174  inv_mpu.o(i.mpu_set_sample_rate)
    mpu_set_sensors                          0x0800b551   Thumb Code   354  inv_mpu.o(i.mpu_set_sensors)
    mpu_write_mem                            0x0800b6b9   Thumb Code   122  inv_mpu.o(i.mpu_write_mem)
    osDelay                                  0x0800b739   Thumb Code    24  cmsis_os.o(i.osDelay)
    osDelayUntil                             0x0800b751   Thumb Code    28  cmsis_os.o(i.osDelayUntil)
    osGetCPUUsage                            0x0800b76d   Thumb Code     8  cpu_utils.o(i.osGetCPUUsage)
    osKernelStart                            0x0800b779   Thumb Code    10  cmsis_os.o(i.osKernelStart)
    osKernelSysTick                          0x0800b783   Thumb Code    20  cmsis_os.o(i.osKernelSysTick)
    osMessageAvailableSpace                  0x0800b797   Thumb Code    12  cmsis_os.o(i.osMessageAvailableSpace)
    osMessageCreate                          0x0800b7a3   Thumb Code    40  cmsis_os.o(i.osMessageCreate)
    osMessageGet                             0x0800b7cd   Thumb Code   152  cmsis_os.o(i.osMessageGet)
    osMessagePut                             0x0800b871   Thumb Code    92  cmsis_os.o(i.osMessagePut)
    osPoolAlloc                              0x0800b8d1   Thumb Code   122  cmsis_os.o(i.osPoolAlloc)
    osPoolCreate                             0x0800b94b   Thumb Code   112  cmsis_os.o(i.osPoolCreate)
    osPoolFree                               0x0800b9bb   Thumb Code    74  cmsis_os.o(i.osPoolFree)
    osSystickHandler                         0x0800ba05   Thumb Code    16  cmsis_os.o(i.osSystickHandler)
    osThreadCreate                           0x0800ba15   Thumb Code    94  cmsis_os.o(i.osThreadCreate)
    pvPortMalloc                             0x0800c0a5   Thumb Code   296  heap_4.o(i.pvPortMalloc)
    pxPortInitialiseStack                    0x0800c1e1   Thumb Code    38  port.o(i.pxPortInitialiseStack)
    sqrt                                     0x0800c511   Thumb Code   110  sqrt.o(i.sqrt)
    ulTaskNotifyTake                         0x0800c581   Thumb Code   108  tasks.o(i.ulTaskNotifyTake)
    uxListRemove                             0x0800c5f5   Thumb Code    40  list.o(i.uxListRemove)
    uxQueueSpacesAvailable                   0x0800c61d   Thumb Code    48  queue.o(i.uxQueueSpacesAvailable)
    vApplicationGetIdleTaskMemory            0x0800c64d   Thumb Code    14  freertos.o(i.vApplicationGetIdleTaskMemory)
    vApplicationIdleHook                     0x0800c665   Thumb Code    18  cpu_utils.o(i.vApplicationIdleHook)
    vApplicationTickHook                     0x0800c67d   Thumb Code    74  cpu_utils.o(i.vApplicationTickHook)
    vListInitialise                          0x0800c6d5   Thumb Code    26  list.o(i.vListInitialise)
    vListInitialiseItem                      0x0800c6ef   Thumb Code     6  list.o(i.vListInitialiseItem)
    vListInsert                              0x0800c6f5   Thumb Code    52  list.o(i.vListInsert)
    vListInsertEnd                           0x0800c729   Thumb Code    24  list.o(i.vListInsertEnd)
    vPortEnterCritical                       0x0800c741   Thumb Code    76  port.o(i.vPortEnterCritical)
    vPortExitCritical                        0x0800c795   Thumb Code    56  port.o(i.vPortExitCritical)
    vPortFree                                0x0800c7d1   Thumb Code   140  heap_4.o(i.vPortFree)
    vPortSetupTimerInterrupt                 0x0800c865   Thumb Code    26  port.o(i.vPortSetupTimerInterrupt)
    vPortValidateInterruptPriority           0x0800c885   Thumb Code   106  port.o(i.vPortValidateInterruptPriority)
    vTaskDelay                               0x0800c8fd   Thumb Code    82  tasks.o(i.vTaskDelay)
    vTaskDelayUntil                          0x0800c959   Thumb Code   200  tasks.o(i.vTaskDelayUntil)
    vTaskMissedYield                         0x0800ca2d   Thumb Code     8  tasks.o(i.vTaskMissedYield)
    vTaskNotifyGiveFromISR                   0x0800ca39   Thumb Code   216  tasks.o(i.vTaskNotifyGiveFromISR)
    vTaskPlaceOnEventList                    0x0800cb29   Thumb Code    52  tasks.o(i.vTaskPlaceOnEventList)
    vTaskSetTimeOutState                     0x0800cb61   Thumb Code    38  tasks.o(i.vTaskSetTimeOutState)
    vTaskStartScheduler                      0x0800cb91   Thumb Code   146  tasks.o(i.vTaskStartScheduler)
    vTaskSuspendAll                          0x0800cc41   Thumb Code    12  tasks.o(i.vTaskSuspendAll)
    vTaskSwitchContext                       0x0800cc51   Thumb Code   126  tasks.o(i.vTaskSwitchContext)
    xPortGetFreeHeapSize                     0x0800cce5   Thumb Code     6  heap_4.o(i.xPortGetFreeHeapSize)
    xPortStartScheduler                      0x0800ccf1   Thumb Code   288  port.o(i.xPortStartScheduler)
    xPortSysTickHandler                      0x0800ce2d   Thumb Code    46  port.o(i.xPortSysTickHandler)
    xQueueGenericCreate                      0x0800ce61   Thumb Code    94  queue.o(i.xQueueGenericCreate)
    xQueueGenericCreateStatic                0x0800cebf   Thumb Code   222  queue.o(i.xQueueGenericCreateStatic)
    xQueueGenericReceive                     0x0800cf9d   Thumb Code   416  queue.o(i.xQueueGenericReceive)
    xQueueGenericReset                       0x0800d141   Thumb Code   146  queue.o(i.xQueueGenericReset)
    xQueueGenericSend                        0x0800d1d9   Thumb Code   420  queue.o(i.xQueueGenericSend)
    xQueueGenericSendFromISR                 0x0800d381   Thumb Code   248  queue.o(i.xQueueGenericSendFromISR)
    xQueueReceiveFromISR                     0x0800d47f   Thumb Code   202  queue.o(i.xQueueReceiveFromISR)
    xTaskCheckForTimeOut                     0x0800d551   Thumb Code   156  tasks.o(i.xTaskCheckForTimeOut)
    xTaskCreate                              0x0800d5f9   Thumb Code   100  tasks.o(i.xTaskCreate)
    xTaskCreateStatic                        0x0800d663   Thumb Code   144  tasks.o(i.xTaskCreateStatic)
    xTaskGetCurrentTaskHandle                0x0800d6f9   Thumb Code     6  tasks.o(i.xTaskGetCurrentTaskHandle)
    xTaskGetSchedulerState                   0x0800d705   Thumb Code    24  tasks.o(i.xTaskGetSchedulerState)
    xTaskGetTickCount                        0x0800d725   Thumb Code     6  tasks.o(i.xTaskGetTickCount)
    xTaskGetTickCountFromISR                 0x0800d731   Thumb Code    16  tasks.o(i.xTaskGetTickCountFromISR)
    xTaskIncrementTick                       0x0800d745   Thumb Code   296  tasks.o(i.xTaskIncrementTick)
    xTaskRemoveFromEventList                 0x0800d899   Thumb Code   128  tasks.o(i.xTaskRemoveFromEventList)
    xTaskResumeAll                           0x0800d931   Thumb Code   224  tasks.o(i.xTaskResumeAll)
    _get_lc_numeric                          0x0800da35   Thumb Code    44  lc_numeric_c.o(locale$$code)
    _get_lc_ctype                            0x0800da61   Thumb Code    44  lc_ctype_c.o(locale$$code)
    __aeabi_dneg                             0x0800da8d   Thumb Code     0  basic.o(x$fpl$basic)
    _dneg                                    0x0800da8d   Thumb Code     6  basic.o(x$fpl$basic)
    __aeabi_fneg                             0x0800da93   Thumb Code     0  basic.o(x$fpl$basic)
    _fneg                                    0x0800da93   Thumb Code     6  basic.o(x$fpl$basic)
    _dabs                                    0x0800da99   Thumb Code     6  basic.o(x$fpl$basic)
    _fabs                                    0x0800da9f   Thumb Code     6  basic.o(x$fpl$basic)
    __aeabi_dadd                             0x0800daa5   Thumb Code     0  daddsub_clz.o(x$fpl$dadd)
    _dadd                                    0x0800daa5   Thumb Code   332  daddsub_clz.o(x$fpl$dadd)
    __aeabi_ddiv                             0x0800dbf5   Thumb Code     0  ddiv.o(x$fpl$ddiv)
    _ddiv                                    0x0800dbf5   Thumb Code   552  ddiv.o(x$fpl$ddiv)
    __aeabi_i2d                              0x0800dea5   Thumb Code     0  dflt_clz.o(x$fpl$dflt)
    _dflt                                    0x0800dea5   Thumb Code    46  dflt_clz.o(x$fpl$dflt)
    __aeabi_dmul                             0x0800ded5   Thumb Code     0  dmul.o(x$fpl$dmul)
    _dmul                                    0x0800ded5   Thumb Code   332  dmul.o(x$fpl$dmul)
    __fpl_dnaninf                            0x0800e029   Thumb Code   156  dnaninf.o(x$fpl$dnaninf)
    __fpl_dretinf                            0x0800e0c5   Thumb Code    12  dretinf.o(x$fpl$dretinf)
    __aeabi_drsub                            0x0800e0d1   Thumb Code     0  daddsub_clz.o(x$fpl$drsb)
    _drsb                                    0x0800e0d1   Thumb Code    22  daddsub_clz.o(x$fpl$drsb)
    _dsqrt                                   0x0800e0e9   Thumb Code   404  dsqrt_umaal.o(x$fpl$dsqrt)
    __aeabi_dsub                             0x0800e281   Thumb Code     0  daddsub_clz.o(x$fpl$dsub)
    _dsub                                    0x0800e281   Thumb Code   464  daddsub_clz.o(x$fpl$dsub)
    _fp_init                                 0x0800e455   Thumb Code    10  fpinit.o(x$fpl$fpinit)
    __fplib_config_fpu_vfp                   0x0800e45d   Thumb Code     0  fpinit.o(x$fpl$fpinit)
    __fplib_config_pureend_doubles           0x0800e45d   Thumb Code     0  fpinit.o(x$fpl$fpinit)
    _printf_fp_dec                           0x0800e45f   Thumb Code     4  printf1.o(x$fpl$printf1)
    __I$use$fp                               0x0800e462   Number         0  usenofp.o(x$fpl$usenofp)
    reg                                      0x0800e50c   Data          42  inv_mpu.o(.constdata)
    hw                                       0x0800e536   Data          14  inv_mpu.o(.constdata)
    test                                     0x0800e544   Data          48  inv_mpu.o(.constdata)
    AHBPrescTable                            0x0800f36c   Data          16  system_stm32l4xx.o(.constdata)
    APBPrescTable                            0x0800f37c   Data           8  system_stm32l4xx.o(.constdata)
    MSIRangeTable                            0x0800f384   Data          48  system_stm32l4xx.o(.constdata)
    __mathlib_zero                           0x0800f4e0   Data           8  qnan.o(.constdata)
    Region$$Table$$Base                      0x0800f5b8   Number         0  anon$$obj.o(Region$$Table)
    Region$$Table$$Limit                     0x0800f5e8   Number         0  anon$$obj.o(Region$$Table)
    __ctype                                  0x0800f611   Data           0  lc_ctype_c.o(locale$$data)
    ucHeap                                   0x10000000   Data       32768  freertos.o(.ARM.__AT_0x10000000)
    uwTick                                   0x20000000   Data           4  stm32l4xx_hal.o(.data)
    RTC_Time                                 0x20000004   Data          20  rtc.o(.data)
    RTC_Date                                 0x20000018   Data           4  rtc.o(.data)
    defaultTaskHandle                        0x2000001c   Data           4  freertos.o(.data)
    cmdTaskHandle                            0x20000020   Data           4  freertos.o(.data)
    mpuTaskHandle                            0x20000024   Data           4  freertos.o(.data)
    adcTaskHandle                            0x20000028   Data           4  freertos.o(.data)
    printfGateKeeperTaskHandle               0x2000002c   Data           4  freertos.o(.data)
    printQueueHandle                         0x20000030   Data           4  freertos.o(.data)
    packetPoolHandle                         0x20000034   Data           4  freertos.o(.data)
    Usage_Output                             0x20000038   Data           1  freertos.o(.data)
    Euler_Output                             0x20000039   Data           1  freertos.o(.data)
    MpuTemp_Output                           0x2000003a   Data           1  freertos.o(.data)
    ADC_Output                               0x2000003b   Data           1  freertos.o(.data)
    Temp_Output                              0x2000003c   Data           1  freertos.o(.data)
    Time_Output                              0x2000003d   Data           1  freertos.o(.data)
    USART1_Buffer                            0x2000003e   Data           1  usart.o(.data)
    SystemMode                               0x2000003f   Data           1  main.o(.data)
    CMD_State                                0x20000045   Data           1  cmdline.o(.data)
    xIdleHandle                              0x20000048   Data           4  cpu_utils.o(.data)
    osCPU_Usage                              0x2000004c   Data           4  cpu_utils.o(.data)
    osCPU_IdleStartTime                      0x20000050   Data           4  cpu_utils.o(.data)
    osCPU_IdleSpentTime                      0x20000054   Data           4  cpu_utils.o(.data)
    osCPU_TotalIdleTime                      0x20000058   Data           4  cpu_utils.o(.data)
    __stdout                                 0x20000060   Data           4  user.o(.data)
    __stdin                                  0x20000064   Data           4  user.o(.data)
    pxCurrentTCB                             0x200000a0   Data           4  tasks.o(.data)
    SystemCoreClock                          0x20000100   Data           4  system_stm32l4xx.o(.data)
    hadc1                                    0x20000104   Data         104  adc.o(.bss)
    hiwdg                                    0x2000016c   Data          16  iwdg.o(.bss)
    hrtc                                     0x2000017c   Data          36  rtc.o(.bss)
    defaultTaskBuffer                        0x200001a0   Data         512  freertos.o(.bss)
    defaultTaskControlBlock                  0x200003a0   Data         132  freertos.o(.bss)
    cmdTaskBuffer                            0x20000424   Data         512  freertos.o(.bss)
    cmdTaskControlBlock                      0x20000624   Data         132  freertos.o(.bss)
    mpuTaskBuffer                            0x200006a8   Data        1024  freertos.o(.bss)
    mpuTaskControlBlock                      0x20000aa8   Data         132  freertos.o(.bss)
    adcTaskBuffer                            0x20000b2c   Data         512  freertos.o(.bss)
    adcTaskControlBlock                      0x20000d2c   Data         132  freertos.o(.bss)
    printfGateKeeperTaskBuffer               0x20000db0   Data         512  freertos.o(.bss)
    printfGateKeeperTaskControlBlock         0x20000fb0   Data         132  freertos.o(.bss)
    printfQueueBuffer                        0x20001034   Data          64  freertos.o(.bss)
    printfQueueControlBlock                  0x20001074   Data          80  freertos.o(.bss)
    hi2c1                                    0x20001348   Data          76  i2c.o(.bss)
    htim6                                    0x20001394   Data          60  stm32l4xx_hal_timebase_tim.o(.bss)
    huart1                                   0x200013d0   Data         112  usart.o(.bss)
    hdma_usart1_tx                           0x20001440   Data          72  usart.o(.bss)
    hspi2                                    0x20001488   Data         100  spi.o(.bss)
    CMD_Buffer                               0x200014ec   Data         260  cmdline.o(.bss)
    __libspace_start                         0x20001738   Data          96  libspace.o(.bss)
    __temporary_stack_top$libspace           0x20001798   Data           0  libspace.o(.bss)



==============================================================================

Memory Map of the image

  Image Entry point : 0x08000189

  Load Region LR_IROM1 (Base: 0x08000000, Size: 0x0000f818, Max: 0x00100000, ABSOLUTE)

    Execution Region ER_IROM1 (Base: 0x08000000, Size: 0x0000f714, Max: 0x00100000, ABSOLUTE)

    Base Addr    Size         Type   Attr      Idx    E Section Name        Object

    0x08000000   0x00000188   Data   RO         7024    RESET               startup_stm32l476xx.o
    0x08000188   0x00000008   Code   RO         7112  * !!!main             c_w.l(__main.o)
    0x08000190   0x00000034   Code   RO         7511    !!!scatter          c_w.l(__scatter.o)
    0x080001c4   0x0000001a   Code   RO         7513    !!handler_copy      c_w.l(__scatter_copy.o)
    0x080001de   0x00000002   PAD
    0x080001e0   0x0000001c   Code   RO         7515    !!handler_zi        c_w.l(__scatter_zi.o)
    0x080001fc   0x00000000   Code   RO         7097    .ARM.Collect$$_printf_percent$$00000000  c_w.l(_printf_percent.o)
    0x080001fc   0x00000006   Code   RO         7212    .ARM.Collect$$_printf_percent$$00000001  c_w.l(_printf_n.o)
    0x08000202   0x00000006   Code   RO         7213    .ARM.Collect$$_printf_percent$$00000002  c_w.l(_printf_p.o)
    0x08000208   0x00000006   Code   RO         7096    .ARM.Collect$$_printf_percent$$00000003  c_w.l(_printf_f.o)
    0x0800020e   0x00000006   Code   RO         7217    .ARM.Collect$$_printf_percent$$00000004  c_w.l(_printf_e.o)
    0x08000214   0x00000006   Code   RO         7218    .ARM.Collect$$_printf_percent$$00000005  c_w.l(_printf_g.o)
    0x0800021a   0x00000006   Code   RO         7219    .ARM.Collect$$_printf_percent$$00000006  c_w.l(_printf_a.o)
    0x08000220   0x0000000a   Code   RO         7224    .ARM.Collect$$_printf_percent$$00000007  c_w.l(_printf_ll.o)
    0x0800022a   0x00000006   Code   RO         7215    .ARM.Collect$$_printf_percent$$00000008  c_w.l(_printf_i.o)
    0x08000230   0x00000006   Code   RO         7095    .ARM.Collect$$_printf_percent$$00000009  c_w.l(_printf_d.o)
    0x08000236   0x00000006   Code   RO         7216    .ARM.Collect$$_printf_percent$$0000000A  c_w.l(_printf_u.o)
    0x0800023c   0x00000006   Code   RO         7214    .ARM.Collect$$_printf_percent$$0000000B  c_w.l(_printf_o.o)
    0x08000242   0x00000006   Code   RO         7094    .ARM.Collect$$_printf_percent$$0000000C  c_w.l(_printf_x.o)
    0x08000248   0x00000006   Code   RO         7221    .ARM.Collect$$_printf_percent$$0000000D  c_w.l(_printf_lli.o)
    0x0800024e   0x00000006   Code   RO         7222    .ARM.Collect$$_printf_percent$$0000000E  c_w.l(_printf_lld.o)
    0x08000254   0x00000006   Code   RO         7223    .ARM.Collect$$_printf_percent$$0000000F  c_w.l(_printf_llu.o)
    0x0800025a   0x00000006   Code   RO         7228    .ARM.Collect$$_printf_percent$$00000010  c_w.l(_printf_llo.o)
    0x08000260   0x00000006   Code   RO         7229    .ARM.Collect$$_printf_percent$$00000011  c_w.l(_printf_llx.o)
    0x08000266   0x0000000a   Code   RO         7225    .ARM.Collect$$_printf_percent$$00000012  c_w.l(_printf_l.o)
    0x08000270   0x00000006   Code   RO         7210    .ARM.Collect$$_printf_percent$$00000013  c_w.l(_printf_c.o)
    0x08000276   0x00000006   Code   RO         7211    .ARM.Collect$$_printf_percent$$00000014  c_w.l(_printf_s.o)
    0x0800027c   0x00000006   Code   RO         7226    .ARM.Collect$$_printf_percent$$00000015  c_w.l(_printf_lc.o)
    0x08000282   0x00000006   Code   RO         7227    .ARM.Collect$$_printf_percent$$00000016  c_w.l(_printf_ls.o)
    0x08000288   0x00000004   Code   RO         7220    .ARM.Collect$$_printf_percent$$00000017  c_w.l(_printf_percent_end.o)
    0x0800028c   0x00000002   Code   RO         7388    .ARM.Collect$$libinit$$00000000  c_w.l(libinit.o)
    0x0800028e   0x00000004   Code   RO         7389    .ARM.Collect$$libinit$$00000001  c_w.l(libinit2.o)
    0x08000292   0x00000000   Code   RO         7392    .ARM.Collect$$libinit$$00000004  c_w.l(libinit2.o)
    0x08000292   0x00000000   Code   RO         7395    .ARM.Collect$$libinit$$0000000A  c_w.l(libinit2.o)
    0x08000292   0x00000000   Code   RO         7397    .ARM.Collect$$libinit$$0000000C  c_w.l(libinit2.o)
    0x08000292   0x00000000   Code   RO         7399    .ARM.Collect$$libinit$$0000000E  c_w.l(libinit2.o)
    0x08000292   0x00000006   Code   RO         7400    .ARM.Collect$$libinit$$0000000F  c_w.l(libinit2.o)
    0x08000298   0x00000000   Code   RO         7402    .ARM.Collect$$libinit$$00000011  c_w.l(libinit2.o)
    0x08000298   0x0000000c   Code   RO         7403    .ARM.Collect$$libinit$$00000012  c_w.l(libinit2.o)
    0x080002a4   0x00000000   Code   RO         7404    .ARM.Collect$$libinit$$00000013  c_w.l(libinit2.o)
    0x080002a4   0x00000000   Code   RO         7406    .ARM.Collect$$libinit$$00000015  c_w.l(libinit2.o)
    0x080002a4   0x0000000a   Code   RO         7407    .ARM.Collect$$libinit$$00000016  c_w.l(libinit2.o)
    0x080002ae   0x00000000   Code   RO         7408    .ARM.Collect$$libinit$$00000017  c_w.l(libinit2.o)
    0x080002ae   0x00000000   Code   RO         7410    .ARM.Collect$$libinit$$00000019  c_w.l(libinit2.o)
    0x080002ae   0x00000000   Code   RO         7412    .ARM.Collect$$libinit$$0000001B  c_w.l(libinit2.o)
    0x080002ae   0x00000000   Code   RO         7414    .ARM.Collect$$libinit$$0000001D  c_w.l(libinit2.o)
    0x080002ae   0x00000000   Code   RO         7416    .ARM.Collect$$libinit$$0000001F  c_w.l(libinit2.o)
    0x080002ae   0x00000000   Code   RO         7418    .ARM.Collect$$libinit$$00000021  c_w.l(libinit2.o)
    0x080002ae   0x00000000   Code   RO         7420    .ARM.Collect$$libinit$$00000023  c_w.l(libinit2.o)
    0x080002ae   0x00000000   Code   RO         7422    .ARM.Collect$$libinit$$00000025  c_w.l(libinit2.o)
    0x080002ae   0x00000000   Code   RO         7426    .ARM.Collect$$libinit$$0000002C  c_w.l(libinit2.o)
    0x080002ae   0x00000000   Code   RO         7428    .ARM.Collect$$libinit$$0000002E  c_w.l(libinit2.o)
    0x080002ae   0x00000000   Code   RO         7430    .ARM.Collect$$libinit$$00000030  c_w.l(libinit2.o)
    0x080002ae   0x00000000   Code   RO         7432    .ARM.Collect$$libinit$$00000032  c_w.l(libinit2.o)
    0x080002ae   0x00000002   Code   RO         7433    .ARM.Collect$$libinit$$00000033  c_w.l(libinit2.o)
    0x080002b0   0x00000002   Code   RO         7475    .ARM.Collect$$libshutdown$$00000000  c_w.l(libshutdown.o)
    0x080002b2   0x00000000   Code   RO         7494    .ARM.Collect$$libshutdown$$00000002  c_w.l(libshutdown2.o)
    0x080002b2   0x00000000   Code   RO         7496    .ARM.Collect$$libshutdown$$00000004  c_w.l(libshutdown2.o)
    0x080002b2   0x00000000   Code   RO         7499    .ARM.Collect$$libshutdown$$00000007  c_w.l(libshutdown2.o)
    0x080002b2   0x00000000   Code   RO         7502    .ARM.Collect$$libshutdown$$0000000A  c_w.l(libshutdown2.o)
    0x080002b2   0x00000000   Code   RO         7504    .ARM.Collect$$libshutdown$$0000000C  c_w.l(libshutdown2.o)
    0x080002b2   0x00000000   Code   RO         7507    .ARM.Collect$$libshutdown$$0000000F  c_w.l(libshutdown2.o)
    0x080002b2   0x00000002   Code   RO         7508    .ARM.Collect$$libshutdown$$00000010  c_w.l(libshutdown2.o)
    0x080002b4   0x00000000   Code   RO         7174    .ARM.Collect$$rtentry$$00000000  c_w.l(__rtentry.o)
    0x080002b4   0x00000000   Code   RO         7289    .ARM.Collect$$rtentry$$00000002  c_w.l(__rtentry2.o)
    0x080002b4   0x00000006   Code   RO         7301    .ARM.Collect$$rtentry$$00000004  c_w.l(__rtentry4.o)
    0x080002ba   0x00000000   Code   RO         7291    .ARM.Collect$$rtentry$$00000009  c_w.l(__rtentry2.o)
    0x080002ba   0x00000004   Code   RO         7292    .ARM.Collect$$rtentry$$0000000A  c_w.l(__rtentry2.o)
    0x080002be   0x00000000   Code   RO         7294    .ARM.Collect$$rtentry$$0000000C  c_w.l(__rtentry2.o)
    0x080002be   0x00000008   Code   RO         7295    .ARM.Collect$$rtentry$$0000000D  c_w.l(__rtentry2.o)
    0x080002c6   0x00000002   Code   RO         7434    .ARM.Collect$$rtexit$$00000000  c_w.l(rtexit.o)
    0x080002c8   0x00000000   Code   RO         7447    .ARM.Collect$$rtexit$$00000002  c_w.l(rtexit2.o)
    0x080002c8   0x00000004   Code   RO         7448    .ARM.Collect$$rtexit$$00000003  c_w.l(rtexit2.o)
    0x080002cc   0x00000006   Code   RO         7449    .ARM.Collect$$rtexit$$00000004  c_w.l(rtexit2.o)
    0x080002d2   0x00000002   PAD
    0x080002d4   0x000000da   Code   RO         6908    .emb_text           port.o
    0x080003ae   0x00000002   PAD
    0x080003b0   0x00000040   Code   RO         7025    .text               startup_stm32l476xx.o
    0x080003f0   0x00000002   Code   RO         7031    .text               c_w.l(use_no_semi_2.o)
    0x080003f2   0x000000ee   Code   RO         7033    .text               c_w.l(lludivv7m.o)
    0x080004e0   0x00000048   Code   RO         7035    .text               c_w.l(llsdiv.o)
    0x08000528   0x0000002c   Code   RO         7037    .text               c_w.l(_sprintf.o)
    0x08000554   0x00000018   Code   RO         7039    .text               c_w.l(__2printf.o)
    0x0800056c   0x0000002c   Code   RO         7041    .text               c_w.l(__2sprintf.o)
    0x08000598   0x0000004e   Code   RO         7049    .text               c_w.l(_printf_pad.o)
    0x080005e6   0x00000002   PAD
    0x080005e8   0x00000078   Code   RO         7051    .text               c_w.l(_printf_dec.o)
    0x08000660   0x00000094   Code   RO         7071    .text               c_w.l(_printf_hex_int_ll_ptr.o)
    0x080006f4   0x0000018e   Code   RO         7091    .text               c_w.l(__printf_flags_ss_wp.o)
    0x08000882   0x00000058   Code   RO         7098    .text               c_w.l(memcmp.o)
    0x080008da   0x0000002a   Code   RO         7100    .text               c_w.l(strcasecmp.o)
    0x08000904   0x0000008a   Code   RO         7104    .text               c_w.l(rt_memcpy_v6.o)
    0x0800098e   0x00000064   Code   RO         7106    .text               c_w.l(rt_memcpy_w.o)
    0x080009f2   0x00000010   Code   RO         7108    .text               c_w.l(aeabi_memset.o)
    0x08000a02   0x00000006   Code   RO         7110    .text               c_w.l(heapauxi.o)
    0x08000a08   0x00000002   Code   RO         7172    .text               c_w.l(use_no_semi.o)
    0x08000a0a   0x00000016   Code   RO         7179    .text               c_w.l(_rserrno.o)
    0x08000a20   0x0000001a   Code   RO         7181    .text               c_w.l(tolower.o)
    0x08000a3a   0x00000024   Code   RO         7183    .text               c_w.l(_printf_truncate.o)
    0x08000a5e   0x00000052   Code   RO         7185    .text               c_w.l(_printf_str.o)
    0x08000ab0   0x000000b2   Code   RO         7187    .text               c_w.l(_printf_intcommon.o)
    0x08000b62   0x00000028   Code   RO         7189    .text               c_w.l(_printf_charcount.o)
    0x08000b8a   0x00000420   Code   RO         7191    .text               c_w.l(_printf_fp_dec.o)
    0x08000faa   0x00000002   PAD
    0x08000fac   0x00000030   Code   RO         7193    .text               c_w.l(_printf_char_common.o)
    0x08000fdc   0x0000000a   Code   RO         7195    .text               c_w.l(_sputc.o)
    0x08000fe6   0x00000002   PAD
    0x08000fe8   0x00000024   Code   RO         7197    .text               c_w.l(_printf_char_file.o)
    0x0800100c   0x000000c2   Code   RO         7199    .text               c_w.l(_printf_wctomb.o)
    0x080010ce   0x00000002   PAD
    0x080010d0   0x0000007c   Code   RO         7202    .text               c_w.l(_printf_longlong_dec.o)
    0x0800114c   0x00000070   Code   RO         7208    .text               c_w.l(_printf_oct_int_ll.o)
    0x080011bc   0x00000044   Code   RO         7230    .text               c_w.l(rt_memclr.o)
    0x08001200   0x00000010   Code   RO         7303    .text               c_w.l(rt_ctype_table.o)
    0x08001210   0x00000008   Code   RO         7310    .text               c_w.l(rt_locale_intlibspace.o)
    0x08001218   0x00000008   Code   RO         7315    .text               c_w.l(rt_errno_addr_intlibspace.o)
    0x08001220   0x0000008a   Code   RO         7317    .text               c_w.l(lludiv10.o)
    0x080012aa   0x00000002   PAD
    0x080012ac   0x00000080   Code   RO         7319    .text               c_w.l(_printf_fp_infnan.o)
    0x0800132c   0x0000002c   Code   RO         7323    .text               c_w.l(_printf_char.o)
    0x08001358   0x0000002c   Code   RO         7325    .text               c_w.l(_printf_wchar.o)
    0x08001384   0x000000dc   Code   RO         7327    .text               c_w.l(bigflt0.o)
    0x08001460   0x00000008   Code   RO         7352    .text               c_w.l(ferror.o)
    0x08001468   0x00000040   Code   RO         7356    .text               c_w.l(_wcrtomb.o)
    0x080014a8   0x0000004e   Code   RO         7361    .text               c_w.l(rt_memclr_w.o)
    0x080014f6   0x00000002   PAD
    0x080014f8   0x00000008   Code   RO         7367    .text               c_w.l(libspace.o)
    0x08001500   0x0000004a   Code   RO         7370    .text               c_w.l(sys_stackheap_outer.o)
    0x0800154a   0x00000012   Code   RO         7375    .text               c_w.l(exit.o)
    0x0800155c   0x00000080   Code   RO         7381    .text               c_w.l(strcmpv7m.o)
    0x080015dc   0x0000003e   Code   RO         7330    CL$$btod_d2e        c_w.l(btod.o)
    0x0800161a   0x00000046   Code   RO         7332    CL$$btod_d2e_denorm_low  c_w.l(btod.o)
    0x08001660   0x00000060   Code   RO         7331    CL$$btod_d2e_norm_op1  c_w.l(btod.o)
    0x080016c0   0x00000338   Code   RO         7340    CL$$btod_div_common  c_w.l(btod.o)
    0x080019f8   0x000000c6   Code   RO         7337    CL$$btod_e2e        c_w.l(btod.o)
    0x08001abe   0x00000028   Code   RO         7334    CL$$btod_ediv       c_w.l(btod.o)
    0x08001ae6   0x00000028   Code   RO         7333    CL$$btod_emul       c_w.l(btod.o)
    0x08001b0e   0x00000244   Code   RO         7339    CL$$btod_mult_common  c_w.l(btod.o)
    0x08001d52   0x00000002   PAD
    0x08001d54   0x0000010c   Code   RO         2486    i.ADC_ConversionStop  stm32l4xx_hal_adc.o
    0x08001e60   0x00000098   Code   RO         2490    i.ADC_Disable       stm32l4xx_hal_adc.o
    0x08001ef8   0x000000a0   Code   RO         2491    i.ADC_Enable        stm32l4xx_hal_adc.o
    0x08001f98   0x00000004   Code   RO         4368    i.BusFault_Handler  stm32l4xx_it.o
    0x08001f9c   0x00000144   Code   RO         5059    i.CMD_Excute        cmdline.o
    0x080020e0   0x00000178   Code   RO         5060    i.CMD_Process       cmdline.o
    0x08002258   0x00000018   Code   RO         5061    i.CMD_Reset         cmdline.o
    0x08002270   0x00000010   Code   RO         4369    i.DMA1_Channel4_IRQHandler  stm32l4xx_it.o
    0x08002280   0x0000002c   Code   RO          880    i.DMA_SetConfig     stm32l4xx_hal_dma.o
    0x080022ac   0x00000002   Code   RO         4370    i.DebugMon_Handler  stm32l4xx_it.o
    0x080022ae   0x000000a4   Code   RO         5237    i.Delay             user.o
    0x08002352   0x0000000c   Code   RO         4371    i.EXTI15_10_IRQHandler  stm32l4xx_it.o
    0x0800235e   0x00000002   PAD
    0x08002360   0x0000003c   Code   RO         5105    i.EndIdleMonitor    cpu_utils.o
    0x0800239c   0x00000004   Code   RO         5007    i.Error_Handler     main.o
    0x080023a0   0x000000ac   Code   RO         2674    i.HAL_ADCEx_Calibration_Start  stm32l4xx_hal_adc_ex.o
    0x0800244c   0x00000028   Code   RO         2675    i.HAL_ADCEx_DisableInjectedQueue  stm32l4xx_hal_adc_ex.o
    0x08002474   0x000007e4   Code   RO         2680    i.HAL_ADCEx_InjectedConfigChannel  stm32l4xx_hal_adc_ex.o
    0x08002c58   0x0000003a   Code   RO         2682    i.HAL_ADCEx_InjectedGetValue  stm32l4xx_hal_adc_ex.o
    0x08002c92   0x00000002   PAD
    0x08002c94   0x000001ae   Code   RO         2683    i.HAL_ADCEx_InjectedPollForConversion  stm32l4xx_hal_adc_ex.o
    0x08002e42   0x00000002   PAD
    0x08002e44   0x00000140   Code   RO         2685    i.HAL_ADCEx_InjectedStart  stm32l4xx_hal_adc_ex.o
    0x08002f84   0x00000060   Code   RO         2687    i.HAL_ADCEx_InjectedStop  stm32l4xx_hal_adc_ex.o
    0x08002fe4   0x00000158   Code   RO         2691    i.HAL_ADCEx_MultiModeConfigChannel  stm32l4xx_hal_adc_ex.o
    0x0800313c   0x00000068   Code   RO         2696    i.HAL_ADCEx_RegularStop  stm32l4xx_hal_adc_ex.o
    0x080031a4   0x000005ec   Code   RO         2493    i.HAL_ADC_ConfigChannel  stm32l4xx_hal_adc.o
    0x08003790   0x00000008   Code   RO         2500    i.HAL_ADC_GetValue  stm32l4xx_hal_adc.o
    0x08003798   0x00000320   Code   RO         2502    i.HAL_ADC_Init      stm32l4xx_hal_adc.o
    0x08003ab8   0x00000068   Code   RO         4524    i.HAL_ADC_MspInit   adc.o
    0x08003b20   0x000001a8   Code   RO         2506    i.HAL_ADC_PollForConversion  stm32l4xx_hal_adc.o
    0x08003cc8   0x0000015c   Code   RO         2508    i.HAL_ADC_Start     stm32l4xx_hal_adc.o
    0x08003e24   0x00000058   Code   RO          882    i.HAL_DMA_Abort_IT  stm32l4xx_hal_dma.o
    0x08003e7c   0x000000e6   Code   RO          886    i.HAL_DMA_IRQHandler  stm32l4xx_hal_dma.o
    0x08003f62   0x00000002   PAD
    0x08003f64   0x00000110   Code   RO          887    i.HAL_DMA_Init      stm32l4xx_hal_dma.o
    0x08004074   0x0000009c   Code   RO          891    i.HAL_DMA_Start_IT  stm32l4xx_hal_dma.o
    0x08004110   0x00000148   Code   RO         3217    i.HAL_GPIO_DeInit   stm32l4xx_hal_gpio.o
    0x08004258   0x0000004c   Code   RO         4372    i.HAL_GPIO_EXTI_Callback  stm32l4xx_it.o
    0x080042a4   0x0000001c   Code   RO         3219    i.HAL_GPIO_EXTI_IRQHandler  stm32l4xx_hal_gpio.o
    0x080042c0   0x00000208   Code   RO         3220    i.HAL_GPIO_Init     stm32l4xx_hal_gpio.o
    0x080044c8   0x00000008   Code   RO         3223    i.HAL_GPIO_TogglePin  stm32l4xx_hal_gpio.o
    0x080044d0   0x0000000a   Code   RO         3224    i.HAL_GPIO_WritePin  stm32l4xx_hal_gpio.o
    0x080044da   0x00000002   PAD
    0x080044dc   0x0000000c   Code   RO         3432    i.HAL_GetTick       stm32l4xx_hal.o
    0x080044e8   0x0000006a   Code   RO         4314    i.HAL_I2CEx_ConfigAnalogFilter  stm32l4xx_hal_i2c_ex.o
    0x08004552   0x0000006a   Code   RO         4315    i.HAL_I2CEx_ConfigDigitalFilter  stm32l4xx_hal_i2c_ex.o
    0x080045bc   0x0000003c   Code   RO         1105    i.HAL_I2C_DeInit    stm32l4xx_hal_i2c.o
    0x080045f8   0x000000c4   Code   RO         1114    i.HAL_I2C_Init      stm32l4xx_hal_i2c.o
    0x080046bc   0x000001c2   Code   RO         1130    i.HAL_I2C_Mem_Read  stm32l4xx_hal_i2c.o
    0x0800487e   0x00000002   PAD
    0x08004880   0x000001be   Code   RO         1133    i.HAL_I2C_Mem_Write  stm32l4xx_hal_i2c.o
    0x08004a3e   0x00000002   PAD
    0x08004a40   0x00000030   Code   RO         4816    i.HAL_I2C_MspDeInit  i2c.o
    0x08004a70   0x00000058   Code   RO         4817    i.HAL_I2C_MspInit   i2c.o
    0x08004ac8   0x00000062   Code   RO         3283    i.HAL_IWDG_Init     stm32l4xx_hal_iwdg.o
    0x08004b2a   0x0000000e   Code   RO         3284    i.HAL_IWDG_Refresh  stm32l4xx_hal_iwdg.o
    0x08004b38   0x00000010   Code   RO         3433    i.HAL_IncTick       stm32l4xx_hal.o
    0x08004b48   0x00000028   Code   RO         3434    i.HAL_Init          stm32l4xx_hal.o
    0x08004b70   0x00000088   Code   RO         4882    i.HAL_InitTick      stm32l4xx_hal_timebase_tim.o
    0x08004bf8   0x00000090   Code   RO         4792    i.HAL_MspInit       stm32l4xx_hal_msp.o
    0x08004c88   0x0000001a   Code   RO          978    i.HAL_NVIC_EnableIRQ  stm32l4xx_hal_cortex.o
    0x08004ca2   0x00000082   Code   RO          984    i.HAL_NVIC_SetPriority  stm32l4xx_hal_cortex.o
    0x08004d24   0x00000028   Code   RO          985    i.HAL_NVIC_SetPriorityGrouping  stm32l4xx_hal_cortex.o
    0x08004d4c   0x0000008c   Code   RO         2210    i.HAL_PWREx_ControlVoltageScaling  stm32l4xx_hal_pwr_ex.o
    0x08004dd8   0x00000010   Code   RO         2241    i.HAL_PWREx_GetVoltageRange  stm32l4xx_hal_pwr_ex.o
    0x08004de8   0x000004d4   Code   RO         4031    i.HAL_RCCEx_PeriphCLKConfig  stm32l4xx_hal_rcc_ex.o
    0x080052bc   0x000001e8   Code   RO         3916    i.HAL_RCC_ClockConfig  stm32l4xx_hal_rcc.o
    0x080054a4   0x00000044   Code   RO         3919    i.HAL_RCC_GetClockConfig  stm32l4xx_hal_rcc.o
    0x080054e8   0x0000000c   Code   RO         3920    i.HAL_RCC_GetHCLKFreq  stm32l4xx_hal_rcc.o
    0x080054f4   0x0000002c   Code   RO         3922    i.HAL_RCC_GetPCLK1Freq  stm32l4xx_hal_rcc.o
    0x08005520   0x0000002c   Code   RO         3923    i.HAL_RCC_GetPCLK2Freq  stm32l4xx_hal_rcc.o
    0x0800554c   0x00000174   Code   RO         3924    i.HAL_RCC_GetSysClockFreq  stm32l4xx_hal_rcc.o
    0x080056c0   0x0000064c   Code   RO         3927    i.HAL_RCC_OscConfig  stm32l4xx_hal_rcc.o
    0x08005d0c   0x0000004c   Code   RO         4157    i.HAL_RTC_GetDate   stm32l4xx_hal_rtc.o
    0x08005d58   0x00000060   Code   RO         4159    i.HAL_RTC_GetTime   stm32l4xx_hal_rtc.o
    0x08005db8   0x000000c4   Code   RO         4160    i.HAL_RTC_Init      stm32l4xx_hal_rtc.o
    0x08005e7c   0x00000024   Code   RO         4626    i.HAL_RTC_MspInit   rtc.o
    0x08005ea0   0x0000003a   Code   RO         4168    i.HAL_RTC_WaitForSynchro  stm32l4xx_hal_rtc.o
    0x08005eda   0x000000c0   Code   RO         1542    i.HAL_SPI_Init      stm32l4xx_hal_spi.o
    0x08005f9a   0x00000002   PAD
    0x08005f9c   0x00000078   Code   RO         4966    i.HAL_SPI_MspInit   spi.o
    0x08006014   0x00000028   Code   RO          987    i.HAL_SYSTICK_CLKSourceConfig  stm32l4xx_hal_cortex.o
    0x0800603c   0x00000034   Code   RO          989    i.HAL_SYSTICK_Config  stm32l4xx_hal_cortex.o
    0x08006070   0x00000002   Code   RO         2852    i.HAL_TIMEx_BreakCallback  stm32l4xx_hal_tim_ex.o
    0x08006072   0x00000002   Code   RO         2853    i.HAL_TIMEx_CommutationCallback  stm32l4xx_hal_tim_ex.o
    0x08006074   0x00000034   Code   RO            6    i.HAL_TIM_Base_Init  stm32l4xx_hal_tim.o
    0x080060a8   0x00000002   Code   RO            8    i.HAL_TIM_Base_MspInit  stm32l4xx_hal_tim.o
    0x080060aa   0x0000001e   Code   RO           11    i.HAL_TIM_Base_Start_IT  stm32l4xx_hal_tim.o
    0x080060c8   0x00000002   Code   RO           35    i.HAL_TIM_IC_CaptureCallback  stm32l4xx_hal_tim.o
    0x080060ca   0x00000196   Code   RO           48    i.HAL_TIM_IRQHandler  stm32l4xx_hal_tim.o
    0x08006260   0x00000002   Code   RO           51    i.HAL_TIM_OC_DelayElapsedCallback  stm32l4xx_hal_tim.o
    0x08006262   0x00000002   Code   RO           78    i.HAL_TIM_PWM_PulseFinishedCallback  stm32l4xx_hal_tim.o
    0x08006264   0x00000018   Code   RO         5008    i.HAL_TIM_PeriodElapsedCallback  main.o
    0x0800627c   0x00000002   Code   RO           89    i.HAL_TIM_TriggerCallback  stm32l4xx_hal_tim.o
    0x0800627e   0x00000002   Code   RO         3621    i.HAL_UARTEx_WakeupCallback  stm32l4xx_hal_uart_ex.o
    0x08006280   0x00000002   Code   RO         1880    i.HAL_UART_ErrorCallback  stm32l4xx_hal_uart.o
    0x08006282   0x00000002   PAD
    0x08006284   0x00000190   Code   RO         1883    i.HAL_UART_IRQHandler  stm32l4xx_hal_uart.o
    0x08006414   0x00000078   Code   RO         1884    i.HAL_UART_Init     stm32l4xx_hal_uart.o
    0x0800648c   0x000000a4   Code   RO         4923    i.HAL_UART_MspInit  usart.o
    0x08006530   0x000000bc   Code   RO         1889    i.HAL_UART_Receive_IT  stm32l4xx_hal_uart.o
    0x080065ec   0x0000003c   Code   RO         4373    i.HAL_UART_RxCpltCallback  stm32l4xx_it.o
    0x08006628   0x000000c6   Code   RO         1892    i.HAL_UART_Transmit  stm32l4xx_hal_uart.o
    0x080066ee   0x00000002   PAD
    0x080066f0   0x0000009c   Code   RO         1893    i.HAL_UART_Transmit_DMA  stm32l4xx_hal_uart.o
    0x0800678c   0x0000003c   Code   RO         4374    i.HAL_UART_TxCpltCallback  stm32l4xx_it.o
    0x080067c8   0x00000002   Code   RO         1896    i.HAL_UART_TxHalfCpltCallback  stm32l4xx_hal_uart.o
    0x080067ca   0x00000004   Code   RO         4375    i.HardFault_Handler  stm32l4xx_it.o
    0x080067ce   0x00000028   Code   RO         1156    i.I2C_Flush_TXDR    stm32l4xx_hal_i2c.o
    0x080067f6   0x00000002   PAD
    0x080067f8   0x0000008c   Code   RO         1164    i.I2C_IsAcknowledgeFailed  stm32l4xx_hal_i2c.o
    0x08006884   0x0000008c   Code   RO         1167    i.I2C_RequestMemoryRead  stm32l4xx_hal_i2c.o
    0x08006910   0x0000008c   Code   RO         1168    i.I2C_RequestMemoryWrite  stm32l4xx_hal_i2c.o
    0x0800699c   0x00000030   Code   RO         1171    i.I2C_TransferConfig  stm32l4xx_hal_i2c.o
    0x080069cc   0x00000056   Code   RO         1172    i.I2C_WaitOnFlagUntilTimeout  stm32l4xx_hal_i2c.o
    0x08006a22   0x00000056   Code   RO         1174    i.I2C_WaitOnSTOPFlagUntilTimeout  stm32l4xx_hal_i2c.o
    0x08006a78   0x0000005a   Code   RO         1175    i.I2C_WaitOnTXISFlagUntilTimeout  stm32l4xx_hal_i2c.o
    0x08006ad2   0x0000000c   Code   RO         5156    i.MPU_Delay         mpu9250.o
    0x08006ade   0x00000002   PAD
    0x08006ae0   0x000003f4   Code   RO         5157    i.MPU_GetData       mpu9250.o
    0x08006ed4   0x0000000c   Code   RO         5158    i.MPU_GetTimeStamp  mpu9250.o
    0x08006ee0   0x00000120   Code   RO         5159    i.MPU_Init          mpu9250.o
    0x08007000   0x00000034   Code   RO         5160    i.MPU_ReadData      mpu9250.o
    0x08007034   0x00000034   Code   RO         5161    i.MPU_WriteData     mpu9250.o
    0x08007068   0x000000e0   Code   RO         4525    i.MX_ADC1_Init      adc.o
    0x08007148   0x00000034   Code   RO         4568    i.MX_DMA_Init       dma.o
    0x0800717c   0x00000108   Code   RO         4667    i.MX_FREERTOS_Init  freertos.o
    0x08007284   0x000000b0   Code   RO         4858    i.MX_GPIO_Init      gpio.o
    0x08007334   0x00000058   Code   RO         4818    i.MX_I2C1_Init      i2c.o
    0x0800738c   0x0000002c   Code   RO         4595    i.MX_IWDG_Init      iwdg.o
    0x080073b8   0x00000034   Code   RO         4627    i.MX_RTC_Init       rtc.o
    0x080073ec   0x00000050   Code   RO         4967    i.MX_SPI2_Init      spi.o
    0x0800743c   0x00000040   Code   RO         4924    i.MX_USART1_UART_Init  usart.o
    0x0800747c   0x00000004   Code   RO         4376    i.MemManage_Handler  stm32l4xx_it.o
    0x08007480   0x00000002   Code   RO         4377    i.NMI_Handler       stm32l4xx_it.o
    0x08007482   0x00000002   PAD
    0x08007484   0x00000010   Code   RO          991    i.NVIC_GetPriorityGrouping  stm32l4xx_hal_cortex.o
    0x08007494   0x00000028   Code   RO          992    i.NVIC_SetPriority  stm32l4xx_hal_cortex.o
    0x080074bc   0x000001ec   Code   RO         4034    i.RCCEx_PLLSAI1_Config  stm32l4xx_hal_rcc_ex.o
    0x080076a8   0x000001ac   Code   RO         4035    i.RCCEx_PLLSAI2_Config  stm32l4xx_hal_rcc_ex.o
    0x08007854   0x000000a0   Code   RO         3928    i.RCC_SetFlashLatencyFromMSIRange  stm32l4xx_hal_rcc.o
    0x080078f4   0x00000016   Code   RO         4169    i.RTC_Bcd2ToByte    stm32l4xx_hal_rtc.o
    0x0800790a   0x0000003e   Code   RO         4171    i.RTC_EnterInitMode  stm32l4xx_hal_rtc.o
    0x08007948   0x00000314   Code   RO         4668    i.StartADCTask      freertos.o
    0x08007c5c   0x00000100   Code   RO         4669    i.StartCMDTask      freertos.o
    0x08007d5c   0x0000020c   Code   RO         4670    i.StartDefaultTask  freertos.o
    0x08007f68   0x00000020   Code   RO         5106    i.StartIdleMonitor  cpu_utils.o
    0x08007f88   0x000002f0   Code   RO         4671    i.StartMPUTask      freertos.o
    0x08008278   0x00000054   Code   RO         4672    i.StartPrintfGateKeeperTask  freertos.o
    0x080082cc   0x00000008   Code   RO         4378    i.SysTick_Handler   stm32l4xx_it.o
    0x080082d4   0x000000e0   Code   RO         5009    i.SystemClock_Config  main.o
    0x080083b4   0x00000050   Code   RO         6989    i.SystemInit        system_stm32l4xx.o
    0x08008404   0x00000010   Code   RO         4379    i.TIM6_DAC_IRQHandler  stm32l4xx_it.o
    0x08008414   0x000000c0   Code   RO           90    i.TIM_Base_SetConfig  stm32l4xx_hal_tim.o
    0x080084d4   0x000000f8   Code   RO         1897    i.UART_AdvFeatureConfig  stm32l4xx_hal_uart.o
    0x080085cc   0x00000074   Code   RO         1898    i.UART_CheckIdleState  stm32l4xx_hal_uart.o
    0x08008640   0x00000018   Code   RO         1899    i.UART_DMAAbortOnError  stm32l4xx_hal_uart.o
    0x08008658   0x00000056   Code   RO         1900    i.UART_DMAError     stm32l4xx_hal_uart.o
    0x080086ae   0x00000038   Code   RO         1905    i.UART_DMATransmitCplt  stm32l4xx_hal_uart.o
    0x080086e6   0x0000000e   Code   RO         1907    i.UART_DMATxHalfCplt  stm32l4xx_hal_uart.o
    0x080086f4   0x00000020   Code   RO         1909    i.UART_EndRxTransfer  stm32l4xx_hal_uart.o
    0x08008714   0x00000020   Code   RO         1910    i.UART_EndTransmit_IT  stm32l4xx_hal_uart.o
    0x08008734   0x00000014   Code   RO         1911    i.UART_EndTxTransfer  stm32l4xx_hal_uart.o
    0x08008748   0x0000008a   Code   RO         1912    i.UART_Receive_IT   stm32l4xx_hal_uart.o
    0x080087d2   0x00000002   PAD
    0x080087d4   0x0000048e   Code   RO         1913    i.UART_SetConfig    stm32l4xx_hal_uart.o
    0x08008c62   0x0000006a   Code   RO         1914    i.UART_Transmit_IT  stm32l4xx_hal_uart.o
    0x08008ccc   0x0000006c   Code   RO         1915    i.UART_WaitOnFlagUntilTimeout  stm32l4xx_hal_uart.o
    0x08008d38   0x00000010   Code   RO         4380    i.USART1_IRQHandler  stm32l4xx_it.o
    0x08008d48   0x00000004   Code   RO         4381    i.UsageFault_Handler  stm32l4xx_it.o
    0x08008d4c   0x00000030   Code   RO         7271    i.__ARM_fpclassify  m_wm.l(fpclassify.o)
    0x08008d7c   0x00000004   PAD
    0x08008d80   0x00000384   Code   RO         7140    i.__hardfp_asin     m_wm.l(asin.o)
    0x08009104   0x00000004   PAD
    0x08009108   0x000002d8   Code   RO         7243    i.__hardfp_atan     m_wm.l(atan.o)
    0x080093e0   0x000001f0   Code   RO         7154    i.__hardfp_atan2    m_wm.l(atan2.o)
    0x080095d0   0x000000f8   Code   RO         7273    i.__kernel_poly     m_wm.l(poly.o)
    0x080096c8   0x00000014   Code   RO         7258    i.__mathlib_dbl_infnan  m_wm.l(dunder.o)
    0x080096dc   0x00000014   Code   RO         7259    i.__mathlib_dbl_infnan2  m_wm.l(dunder.o)
    0x080096f0   0x00000020   Code   RO         7260    i.__mathlib_dbl_invalid  m_wm.l(dunder.o)
    0x08009710   0x00000020   Code   RO         7263    i.__mathlib_dbl_underflow  m_wm.l(dunder.o)
    0x08009730   0x0000000e   Code   RO         7084    i._is_digit         c_w.l(__printf_wp.o)
    0x0800973e   0x00000002   Code   RO         5238    i._sys_exit         user.o
    0x08009740   0x00000010   Code   RO         7245    i.atan              m_wm.l(atan.o)
    0x08009750   0x00000064   Code   RO         5622    i.decode_gesture    inv_mpu_dmp_motion_driver.o
    0x080097b4   0x0000003c   Code   RO         5623    i.dmp_enable_6x_lp_quat  inv_mpu_dmp_motion_driver.o
    0x080097f0   0x0000021c   Code   RO         5624    i.dmp_enable_feature  inv_mpu_dmp_motion_driver.o
    0x08009a0c   0x00000058   Code   RO         5625    i.dmp_enable_gyro_cal  inv_mpu_dmp_motion_driver.o
    0x08009a64   0x0000003c   Code   RO         5626    i.dmp_enable_lp_quat  inv_mpu_dmp_motion_driver.o
    0x08009aa0   0x00000018   Code   RO         5631    i.dmp_load_motion_driver_firmware  inv_mpu_dmp_motion_driver.o
    0x08009ab8   0x000001d2   Code   RO         5632    i.dmp_read_fifo     inv_mpu_dmp_motion_driver.o
    0x08009c8a   0x00000002   PAD
    0x08009c8c   0x00000070   Code   RO         5636    i.dmp_set_fifo_rate  inv_mpu_dmp_motion_driver.o
    0x08009cfc   0x00000138   Code   RO         5639    i.dmp_set_orientation  inv_mpu_dmp_motion_driver.o
    0x08009e34   0x00000038   Code   RO         5642    i.dmp_set_shake_reject_thresh  inv_mpu_dmp_motion_driver.o
    0x08009e6c   0x00000026   Code   RO         5643    i.dmp_set_shake_reject_time  inv_mpu_dmp_motion_driver.o
    0x08009e92   0x00000026   Code   RO         5644    i.dmp_set_shake_reject_timeout  inv_mpu_dmp_motion_driver.o
    0x08009eb8   0x00000046   Code   RO         5645    i.dmp_set_tap_axes  inv_mpu_dmp_motion_driver.o
    0x08009efe   0x00000026   Code   RO         5646    i.dmp_set_tap_count  inv_mpu_dmp_motion_driver.o
    0x08009f24   0x000001c0   Code   RO         5647    i.dmp_set_tap_thresh  inv_mpu_dmp_motion_driver.o
    0x0800a0e4   0x00000026   Code   RO         5648    i.dmp_set_tap_time  inv_mpu_dmp_motion_driver.o
    0x0800a10a   0x00000026   Code   RO         5649    i.dmp_set_tap_time_multi  inv_mpu_dmp_motion_driver.o
    0x0800a130   0x00000018   Code   RO         7168    i.fabs              m_wm.l(fabs.o)
    0x0800a148   0x0000001c   Code   RO         5240    i.fputc             user.o
    0x0800a164   0x00000476   Code   RO         5289    i.get_st_biases     inv_mpu.o
    0x0800a5da   0x00000010   Code   RO         6176    i.inHandlerMode     cmsis_os.o
    0x0800a5ea   0x00000028   Code   RO         5162    i.inv_orientation_matrix_to_scalar  mpu9250.o
    0x0800a612   0x0000004e   Code   RO         5163    i.inv_row_2_scale   mpu9250.o
    0x0800a660   0x00000058   Code   RO         5010    i.main              main.o
    0x0800a6b8   0x0000000e   Code   RO         6178    i.makeFreeRtosPriority  cmsis_os.o
    0x0800a6c6   0x00000002   PAD
    0x0800a6c8   0x00000070   Code   RO         5291    i.mpu_configure_fifo  inv_mpu.o
    0x0800a738   0x0000004c   Code   RO         5292    i.mpu_get_accel_fsr  inv_mpu.o
    0x0800a784   0x000000d0   Code   RO         5296    i.mpu_get_compass_reg  inv_mpu.o
    0x0800a854   0x00000010   Code   RO         5299    i.mpu_get_fifo_config  inv_mpu.o
    0x0800a864   0x00000044   Code   RO         5300    i.mpu_get_gyro_fsr  inv_mpu.o
    0x0800a8a8   0x00000050   Code   RO         5304    i.mpu_get_lpf       inv_mpu.o
    0x0800a8f8   0x00000020   Code   RO         5306    i.mpu_get_sample_rate  inv_mpu.o
    0x0800a918   0x0000009c   Code   RO         5307    i.mpu_get_temperature  inv_mpu.o
    0x0800a9b4   0x00000128   Code   RO         5308    i.mpu_init          inv_mpu.o
    0x0800aadc   0x000000b8   Code   RO         5309    i.mpu_load_firmware  inv_mpu.o
    0x0800ab94   0x0000011c   Code   RO         5310    i.mpu_lp_accel_mode  inv_mpu.o
    0x0800acb0   0x000000c0   Code   RO         5316    i.mpu_read_fifo_stream  inv_mpu.o
    0x0800ad70   0x00000080   Code   RO         5317    i.mpu_read_mem      inv_mpu.o
    0x0800adf0   0x000001c8   Code   RO         5320    i.mpu_reset_fifo    inv_mpu.o
    0x0800afb8   0x000000ac   Code   RO         5322    i.mpu_run_self_test  inv_mpu.o
    0x0800b064   0x00000084   Code   RO         5325    i.mpu_set_accel_fsr  inv_mpu.o
    0x0800b0e8   0x0000014c   Code   RO         5326    i.mpu_set_bypass    inv_mpu.o
    0x0800b234   0x00000060   Code   RO         5327    i.mpu_set_compass_sample_rate  inv_mpu.o
    0x0800b294   0x00000090   Code   RO         5328    i.mpu_set_dmp_state  inv_mpu.o
    0x0800b324   0x00000088   Code   RO         5330    i.mpu_set_gyro_fsr  inv_mpu.o
    0x0800b3ac   0x0000006c   Code   RO         5331    i.mpu_set_int_latched  inv_mpu.o
    0x0800b418   0x00000084   Code   RO         5333    i.mpu_set_lpf       inv_mpu.o
    0x0800b49c   0x000000b4   Code   RO         5334    i.mpu_set_sample_rate  inv_mpu.o
    0x0800b550   0x00000168   Code   RO         5335    i.mpu_set_sensors   inv_mpu.o
    0x0800b6b8   0x00000080   Code   RO         5336    i.mpu_write_mem     inv_mpu.o
    0x0800b738   0x00000018   Code   RO         6180    i.osDelay           cmsis_os.o
    0x0800b750   0x0000001c   Code   RO         6181    i.osDelayUntil      cmsis_os.o
    0x0800b76c   0x0000000c   Code   RO         5107    i.osGetCPUUsage     cpu_utils.o
    0x0800b778   0x0000000a   Code   RO         6183    i.osKernelStart     cmsis_os.o
    0x0800b782   0x00000014   Code   RO         6184    i.osKernelSysTick   cmsis_os.o
    0x0800b796   0x0000000c   Code   RO         6191    i.osMessageAvailableSpace  cmsis_os.o
    0x0800b7a2   0x00000028   Code   RO         6192    i.osMessageCreate   cmsis_os.o
    0x0800b7ca   0x00000002   PAD
    0x0800b7cc   0x000000a2   Code   RO         6194    i.osMessageGet      cmsis_os.o
    0x0800b86e   0x00000002   PAD
    0x0800b870   0x00000060   Code   RO         6196    i.osMessagePut      cmsis_os.o
    0x0800b8d0   0x0000007a   Code   RO         6202    i.osPoolAlloc       cmsis_os.o
    0x0800b94a   0x00000070   Code   RO         6204    i.osPoolCreate      cmsis_os.o
    0x0800b9ba   0x0000004a   Code   RO         6205    i.osPoolFree        cmsis_os.o
    0x0800ba04   0x00000010   Code   RO         6216    i.osSystickHandler  cmsis_os.o
    0x0800ba14   0x0000005e   Code   RO         6217    i.osThreadCreate    cmsis_os.o
    0x0800ba72   0x00000002   PAD
    0x0800ba74   0x000000a4   Code   RO         5815    i.prvAddCurrentTaskToDelayedList  tasks.o
    0x0800bb18   0x000000b8   Code   RO         5816    i.prvAddNewTaskToReadyList  tasks.o
    0x0800bbd0   0x00000064   Code   RO         5817    i.prvCheckTasksWaitingTermination  tasks.o
    0x0800bc34   0x0000002a   Code   RO         6729    i.prvCopyDataFromQueue  queue.o
    0x0800bc5e   0x0000006a   Code   RO         6730    i.prvCopyDataToQueue  queue.o
    0x0800bcc8   0x00000050   Code   RO         5818    i.prvDeleteTCB      tasks.o
    0x0800bd18   0x0000007c   Code   RO         6551    i.prvHeapInit       heap_4.o
    0x0800bd94   0x0000002c   Code   RO         5819    i.prvIdleTask       tasks.o
    0x0800bdc0   0x0000002a   Code   RO         6731    i.prvInitialiseNewQueue  queue.o
    0x0800bdea   0x000000bc   Code   RO         5820    i.prvInitialiseNewTask  tasks.o
    0x0800bea6   0x00000002   PAD
    0x0800bea8   0x00000068   Code   RO         5821    i.prvInitialiseTaskLists  tasks.o
    0x0800bf10   0x00000068   Code   RO         6552    i.prvInsertBlockIntoFreeList  heap_4.o
    0x0800bf78   0x0000001a   Code   RO         6732    i.prvIsQueueEmpty   queue.o
    0x0800bf92   0x0000001e   Code   RO         6733    i.prvIsQueueFull    queue.o
    0x0800bfb0   0x00000034   Code   RO         5823    i.prvResetNextTaskUnblockTime  tasks.o
    0x0800bfe4   0x00000040   Code   RO         6909    i.prvTaskExitError  port.o
    0x0800c024   0x0000007e   Code   RO         6734    i.prvUnlockQueue    queue.o
    0x0800c0a2   0x00000002   PAD
    0x0800c0a4   0x0000013c   Code   RO         6553    i.pvPortMalloc      heap_4.o
    0x0800c1e0   0x0000002c   Code   RO         6910    i.pxPortInitialiseStack  port.o
    0x0800c20c   0x00000020   Code   RO         5164    i.run_self_test     mpu9250.o
    0x0800c22c   0x00000090   Code   RO         5337    i.set_int_enable    inv_mpu.o
    0x0800c2bc   0x00000254   Code   RO         5338    i.setup_compass     inv_mpu.o
    0x0800c510   0x0000006e   Code   RO         7278    i.sqrt              m_wm.l(sqrt.o)
    0x0800c57e   0x00000002   PAD
    0x0800c580   0x00000074   Code   RO         5827    i.ulTaskNotifyTake  tasks.o
    0x0800c5f4   0x00000028   Code   RO         6612    i.uxListRemove      list.o
    0x0800c61c   0x00000030   Code   RO         6739    i.uxQueueSpacesAvailable  queue.o
    0x0800c64c   0x00000018   Code   RO         4673    i.vApplicationGetIdleTaskMemory  freertos.o
    0x0800c664   0x00000018   Code   RO         5108    i.vApplicationIdleHook  cpu_utils.o
    0x0800c67c   0x00000058   Code   RO         5109    i.vApplicationTickHook  cpu_utils.o
    0x0800c6d4   0x0000001a   Code   RO         6613    i.vListInitialise   list.o
    0x0800c6ee   0x00000006   Code   RO         6614    i.vListInitialiseItem  list.o
    0x0800c6f4   0x00000034   Code   RO         6615    i.vListInsert       list.o
    0x0800c728   0x00000018   Code   RO         6616    i.vListInsertEnd    list.o
    0x0800c740   0x00000054   Code   RO         6912    i.vPortEnterCritical  port.o
    0x0800c794   0x0000003c   Code   RO         6913    i.vPortExitCritical  port.o
    0x0800c7d0   0x00000094   Code   RO         6554    i.vPortFree         heap_4.o
    0x0800c864   0x00000020   Code   RO         6914    i.vPortSetupTimerInterrupt  port.o
    0x0800c884   0x00000078   Code   RO         6915    i.vPortValidateInterruptPriority  port.o
    0x0800c8fc   0x0000005c   Code   RO         5834    i.vTaskDelay        tasks.o
    0x0800c958   0x000000d4   Code   RO         5835    i.vTaskDelayUntil   tasks.o
    0x0800ca2c   0x0000000c   Code   RO         5839    i.vTaskMissedYield  tasks.o
    0x0800ca38   0x000000f0   Code   RO         5840    i.vTaskNotifyGiveFromISR  tasks.o
    0x0800cb28   0x00000038   Code   RO         5841    i.vTaskPlaceOnEventList  tasks.o
    0x0800cb60   0x00000030   Code   RO         5846    i.vTaskSetTimeOutState  tasks.o
    0x0800cb90   0x000000b0   Code   RO         5847    i.vTaskStartScheduler  tasks.o
    0x0800cc40   0x00000010   Code   RO         5849    i.vTaskSuspendAll   tasks.o
    0x0800cc50   0x00000094   Code   RO         5850    i.vTaskSwitchContext  tasks.o
    0x0800cce4   0x0000000c   Code   RO         6556    i.xPortGetFreeHeapSize  heap_4.o
    0x0800ccf0   0x0000013c   Code   RO         6916    i.xPortStartScheduler  port.o
    0x0800ce2c   0x00000034   Code   RO         6917    i.xPortSysTickHandler  port.o
    0x0800ce60   0x0000005e   Code   RO         6744    i.xQueueGenericCreate  queue.o
    0x0800cebe   0x000000de   Code   RO         6745    i.xQueueGenericCreateStatic  queue.o
    0x0800cf9c   0x000001a4   Code   RO         6746    i.xQueueGenericReceive  queue.o
    0x0800d140   0x00000098   Code   RO         6747    i.xQueueGenericReset  queue.o
    0x0800d1d8   0x000001a8   Code   RO         6748    i.xQueueGenericSend  queue.o
    0x0800d380   0x000000fe   Code   RO         6749    i.xQueueGenericSendFromISR  queue.o
    0x0800d47e   0x000000d0   Code   RO         6754    i.xQueueReceiveFromISR  queue.o
    0x0800d54e   0x00000002   PAD
    0x0800d550   0x000000a8   Code   RO         5852    i.xTaskCheckForTimeOut  tasks.o
    0x0800d5f8   0x0000006a   Code   RO         5853    i.xTaskCreate       tasks.o
    0x0800d662   0x00000096   Code   RO         5854    i.xTaskCreateStatic  tasks.o
    0x0800d6f8   0x0000000c   Code   RO         5857    i.xTaskGetCurrentTaskHandle  tasks.o
    0x0800d704   0x00000020   Code   RO         5859    i.xTaskGetSchedulerState  tasks.o
    0x0800d724   0x0000000c   Code   RO         5860    i.xTaskGetTickCount  tasks.o
    0x0800d730   0x00000014   Code   RO         5861    i.xTaskGetTickCountFromISR  tasks.o
    0x0800d744   0x00000154   Code   RO         5862    i.xTaskIncrementTick  tasks.o
    0x0800d898   0x00000098   Code   RO         5865    i.xTaskRemoveFromEventList  tasks.o
    0x0800d930   0x00000104   Code   RO         5867    i.xTaskResumeAll    tasks.o
    0x0800da34   0x0000002c   Code   RO         7359    locale$$code        c_w.l(lc_numeric_c.o)
    0x0800da60   0x0000002c   Code   RO         7373    locale$$code        c_w.l(lc_ctype_c.o)
    0x0800da8c   0x00000018   Code   RO         7232    x$fpl$basic         fz_wm.l(basic.o)
    0x0800daa4   0x00000150   Code   RO         7114    x$fpl$dadd          fz_wm.l(daddsub_clz.o)
    0x0800dbf4   0x000002b0   Code   RO         7121    x$fpl$ddiv          fz_wm.l(ddiv.o)
    0x0800dea4   0x0000002e   Code   RO         7125    x$fpl$dflt          fz_wm.l(dflt_clz.o)
    0x0800ded2   0x00000002   PAD
    0x0800ded4   0x00000154   Code   RO         7132    x$fpl$dmul          fz_wm.l(dmul.o)
    0x0800e028   0x0000009c   Code   RO         7236    x$fpl$dnaninf       fz_wm.l(dnaninf.o)
    0x0800e0c4   0x0000000c   Code   RO         7238    x$fpl$dretinf       fz_wm.l(dretinf.o)
    0x0800e0d0   0x00000016   Code   RO         7115    x$fpl$drsb          fz_wm.l(daddsub_clz.o)
    0x0800e0e6   0x00000002   PAD
    0x0800e0e8   0x00000198   Code   RO         7363    x$fpl$dsqrt         fz_wm.l(dsqrt_umaal.o)
    0x0800e280   0x000001d4   Code   RO         7116    x$fpl$dsub          fz_wm.l(daddsub_clz.o)
    0x0800e454   0x0000000a   Code   RO         7444    x$fpl$fpinit        fz_wm.l(fpinit.o)
    0x0800e45e   0x00000004   Code   RO         7138    x$fpl$printf1       fz_wm.l(printf1.o)
    0x0800e462   0x00000000   Code   RO         7242    x$fpl$usenofp       fz_wm.l(usenofp.o)
    0x0800e462   0x00000002   PAD
    0x0800e464   0x000000a8   Data   RO         4678    .constdata          freertos.o
    0x0800e50c   0x00000268   Data   RO         5339    .constdata          inv_mpu.o
    0x0800e774   0x00000bf6   Data   RO         5651    .constdata          inv_mpu_dmp_motion_driver.o
    0x0800f36a   0x00000002   PAD
    0x0800f36c   0x00000048   Data   RO         6990    .constdata          system_stm32l4xx.o
    0x0800f3b4   0x00000028   Data   RO         7072    .constdata          c_w.l(_printf_hex_int_ll_ptr.o)
    0x0800f3dc   0x00000011   Data   RO         7092    .constdata          c_w.l(__printf_flags_ss_wp.o)
    0x0800f3ed   0x00000003   PAD
    0x0800f3f0   0x00000050   Data   RO         7143    .constdata          m_wm.l(asin.o)
    0x0800f440   0x00000008   Data   RO         7200    .constdata          c_w.l(_printf_wctomb.o)
    0x0800f448   0x00000098   Data   RO         7246    .constdata          m_wm.l(atan.o)
    0x0800f4e0   0x00000008   Data   RO         7275    .constdata          m_wm.l(qnan.o)
    0x0800f4e8   0x00000094   Data   RO         7328    .constdata          c_w.l(bigflt0.o)
    0x0800f57c   0x0000003c   Data   RO         4679    .conststring        freertos.o
    0x0800f5b8   0x00000030   Data   RO         7509    Region$$Table       anon$$obj.o
    0x0800f5e8   0x0000001c   Data   RO         7358    locale$$data        c_w.l(lc_numeric_c.o)
    0x0800f604   0x00000110   Data   RO         7372    locale$$data        c_w.l(lc_ctype_c.o)


    Execution Region RW_IRAM2 (Base: 0x10000000, Size: 0x00008000, Max: 0x00008000, ABSOLUTE)

    Base Addr    Size         Type   Attr      Idx    E Section Name        Object

    0x10000000   0x00008000   Zero   RW         4676    .ARM.__AT_0x10000000  freertos.o


    Execution Region RW_IRAM1 (Base: 0x20000000, Size: 0x00002998, Max: 0x00018000, ABSOLUTE)

    Base Addr    Size         Type   Attr      Idx    E Section Name        Object

    0x20000000   0x00000004   Data   RW         3450    .data               stm32l4xx_hal.o
    0x20000004   0x00000018   Data   RW         4629    .data               rtc.o
    0x2000001c   0x00000022   Data   RW         4680    .data               freertos.o
    0x2000003e   0x00000001   Data   RW         4926    .data               usart.o
    0x2000003f   0x00000001   Data   RW         5011    .data               main.o
    0x20000040   0x00000006   Data   RW         5063    .data               cmdline.o
    0x20000046   0x00000002   PAD
    0x20000048   0x00000018   Data   RW         5110    .data               cpu_utils.o
    0x20000060   0x00000008   Data   RW         5241    .data               user.o
    0x20000068   0x00000038   Data   RW         5340    .data               inv_mpu.o
    0x200000a0   0x0000003c   Data   RW         5870    .data               tasks.o
    0x200000dc   0x00000018   Data   RW         6558    .data               heap_4.o
    0x200000f4   0x0000000c   Data   RW         6918    .data               port.o
    0x20000100   0x00000004   Data   RW         6991    .data               system_stm32l4xx.o
    0x20000104   0x00000068   Zero   RW         4526    .bss                adc.o
    0x2000016c   0x00000010   Zero   RW         4596    .bss                iwdg.o
    0x2000017c   0x00000024   Zero   RW         4628    .bss                rtc.o
    0x200001a0   0x000011a8   Zero   RW         4677    .bss                freertos.o
    0x20001348   0x0000004c   Zero   RW         4819    .bss                i2c.o
    0x20001394   0x0000003c   Zero   RW         4885    .bss                stm32l4xx_hal_timebase_tim.o
    0x200013d0   0x000000b8   Zero   RW         4925    .bss                usart.o
    0x20001488   0x00000064   Zero   RW         4968    .bss                spi.o
    0x200014ec   0x00000104   Zero   RW         5062    .bss                cmdline.o
    0x200015f0   0x00000048   Zero   RW         5165    .bss                mpu9250.o
    0x20001638   0x00000010   Zero   RW         5650    .bss                inv_mpu_dmp_motion_driver.o
    0x20001648   0x000000f0   Zero   RW         5869    .bss                tasks.o
    0x20001738   0x00000060   Zero   RW         7368    .bss                c_w.l(libspace.o)
    0x20001798   0x00000200   Zero   RW         7023    HEAP                startup_stm32l476xx.o
    0x20001998   0x00001000   Zero   RW         7022    STACK               startup_stm32l476xx.o


==============================================================================

Image component sizes


      Code (inc. data)   RO Data    RW Data    ZI Data      Debug   Object Name

       328         28          0          0        104       1861   adc.o
       724        180          0          6        260      29698   cmdline.o
       840          8          0          0          0      30891   cmsis_os.o
       216         50          0         24          0       3272   cpu_utils.o
        52          4          0          0          0        750   dma.o
      2692        738        228         34      37288       9163   freertos.o
       176         14          0          0          0        923   gpio.o
       704         68          0         24          0       8047   heap_4.o
       224         38          0          0         76       2177   i2c.o
      6090        192        616         56          0      27468   inv_mpu.o
      2526        124       3062          0         16      19205   inv_mpu_dmp_motion_driver.o
        44         10          0          0         16        683   iwdg.o
       148          0          0          0          0       3606   list.o
       340         28          0          1          0       3505   main.o
      1578         64          0          0         72       7475   mpu9250.o
       990         92          0         12          0      12121   port.o
      2194         14          0          0          0      16489   queue.o
        88         18          0         24         36       1501   rtc.o
       200         24          0          0        100       1657   spi.o
        64         26        392          0       4608        820   startup_stm32l476xx.o
        68         16          0          4          0       2932   stm32l4xx_hal.o
      3676         88          0          0          0       9150   stm32l4xx_hal_adc.o
      3584         74          0          0          0       9626   stm32l4xx_hal_adc_ex.o
       344         22          0          0          0      31561   stm32l4xx_hal_cortex.o
       790         10          0          0          0       4326   stm32l4xx_hal_dma.o
       894         72          0          0          0       4550   stm32l4xx_hal_gpio.o
      1922         24          0          0          0      12287   stm32l4xx_hal_i2c.o
       212          0          0          0          0       1975   stm32l4xx_hal_i2c_ex.o
       112          0          0          0          0       1779   stm32l4xx_hal_iwdg.o
       144          4          0          0          0        902   stm32l4xx_hal_msp.o
       156         18          0          0          0       1366   stm32l4xx_hal_pwr_ex.o
      2800        106          0          0          0       7753   stm32l4xx_hal_rcc.o
      2156         42          0          0          0       3964   stm32l4xx_hal_rcc_ex.o
       510         14          0          0          0       4805   stm32l4xx_hal_rtc.o
       192          0          0          0          0       1235   stm32l4xx_hal_spi.o
       690         32          0          0          0     899463   stm32l4xx_hal_tim.o
         4          0          0          0          0       1686   stm32l4xx_hal_tim_ex.o
       136         18          0          0         60       1512   stm32l4xx_hal_timebase_tim.o
      3212         70          0          0          0      15496   stm32l4xx_hal_uart.o
         2          0          0          0          0        972   stm32l4xx_hal_uart_ex.o
       284         54          0          0          0      37424   stm32l4xx_it.o
        80         12         72          4          0       1237   system_stm32l4xx.o
      3284        392          0         60        240      44123   tasks.o
       228         24          0          1        184       1807   usart.o
       194          6          0          8          0       3550   user.o

    ----------------------------------------------------------------------
     45938       2818       4420        260      43060    1286793   Object Totals
         0          0         48          0          0          0   (incl. Generated)
        46          0          2          2          0          0   (incl. Padding)

    ----------------------------------------------------------------------

      Code (inc. data)   RO Data    RW Data    ZI Data      Debug   Library Member Name

        24          4          0          0          0         84   __2printf.o
        44          6          0          0          0         84   __2sprintf.o
         8          0          0          0          0         68   __main.o
       398          4         17          0          0         92   __printf_flags_ss_wp.o
        14          0          0          0          0         68   __printf_wp.o
         0          0          0          0          0          0   __rtentry.o
        12          0          0          0          0          0   __rtentry2.o
         6          0          0          0          0          0   __rtentry4.o
        52          8          0          0          0          0   __scatter.o
        26          0          0          0          0          0   __scatter_copy.o
        28          0          0          0          0          0   __scatter_zi.o
         6          0          0          0          0          0   _printf_a.o
         6          0          0          0          0          0   _printf_c.o
        44          0          0          0          0        108   _printf_char.o
        48          6          0          0          0         96   _printf_char_common.o
        36          4          0          0          0         80   _printf_char_file.o
        40          0          0          0          0         68   _printf_charcount.o
         6          0          0          0          0          0   _printf_d.o
       120         16          0          0          0         92   _printf_dec.o
         6          0          0          0          0          0   _printf_e.o
         6          0          0          0          0          0   _printf_f.o
      1056          0          0          0          0        216   _printf_fp_dec.o
       128         16          0          0          0         84   _printf_fp_infnan.o
         6          0          0          0          0          0   _printf_g.o
       148          4         40          0          0        160   _printf_hex_int_ll_ptr.o
         6          0          0          0          0          0   _printf_i.o
       178          0          0          0          0         88   _printf_intcommon.o
        10          0          0          0          0          0   _printf_l.o
         6          0          0          0          0          0   _printf_lc.o
        10          0          0          0          0          0   _printf_ll.o
         6          0          0          0          0          0   _printf_lld.o
         6          0          0          0          0          0   _printf_lli.o
         6          0          0          0          0          0   _printf_llo.o
         6          0          0          0          0          0   _printf_llu.o
         6          0          0          0          0          0   _printf_llx.o
       124         16          0          0          0         92   _printf_longlong_dec.o
         6          0          0          0          0          0   _printf_ls.o
         6          0          0          0          0          0   _printf_n.o
         6          0          0          0          0          0   _printf_o.o
       112         10          0          0          0        124   _printf_oct_int_ll.o
         6          0          0          0          0          0   _printf_p.o
        78          0          0          0          0        108   _printf_pad.o
         0          0          0          0          0          0   _printf_percent.o
         4          0          0          0          0          0   _printf_percent_end.o
         6          0          0          0          0          0   _printf_s.o
        82          0          0          0          0         80   _printf_str.o
        36          0          0          0          0         84   _printf_truncate.o
         6          0          0          0          0          0   _printf_u.o
        44          0          0          0          0        108   _printf_wchar.o
       194          6          8          0          0         92   _printf_wctomb.o
         6          0          0          0          0          0   _printf_x.o
        22          0          0          0          0        100   _rserrno.o
        44          6          0          0          0         84   _sprintf.o
        10          0          0          0          0         68   _sputc.o
        64          0          0          0          0         92   _wcrtomb.o
        16          0          0          0          0         68   aeabi_memset.o
       220          4        148          0          0         96   bigflt0.o
      1910        128          0          0          0        672   btod.o
        18          0          0          0          0         80   exit.o
         8          0          0          0          0         68   ferror.o
         6          0          0          0          0        152   heapauxi.o
        44         10        272          0          0         76   lc_ctype_c.o
        44         10         28          0          0         76   lc_numeric_c.o
         2          0          0          0          0          0   libinit.o
        34          0          0          0          0          0   libinit2.o
         2          0          0          0          0          0   libshutdown.o
         2          0          0          0          0          0   libshutdown2.o
         8          4          0          0         96         68   libspace.o
        72          0          0          0          0         76   llsdiv.o
       138          0          0          0          0         80   lludiv10.o
       238          0          0          0          0        100   lludivv7m.o
        88          0          0          0          0         76   memcmp.o
        16          4          0          0          0         76   rt_ctype_table.o
         8          4          0          0          0         68   rt_errno_addr_intlibspace.o
         8          4          0          0          0         68   rt_locale_intlibspace.o
        68          0          0          0          0         68   rt_memclr.o
        78          0          0          0          0         80   rt_memclr_w.o
       138          0          0          0          0         68   rt_memcpy_v6.o
       100          0          0          0          0         80   rt_memcpy_w.o
         2          0          0          0          0          0   rtexit.o
        10          0          0          0          0          0   rtexit2.o
        42          0          0          0          0         84   strcasecmp.o
       128          0          0          0          0         68   strcmpv7m.o
        74          0          0          0          0         80   sys_stackheap_outer.o
        26          0          0          0          0         76   tolower.o
         2          0          0          0          0         68   use_no_semi.o
         2          0          0          0          0         68   use_no_semi_2.o
        24          0          0          0          0        164   basic.o
       826         16          0          0          0        492   daddsub_clz.o
       688        140          0          0          0        256   ddiv.o
        46          0          0          0          0        116   dflt_clz.o
       340         12          0          0          0        152   dmul.o
       156          4          0          0          0        140   dnaninf.o
        12          0          0          0          0        116   dretinf.o
       408         56          0          0          0        168   dsqrt_umaal.o
        10          0          0          0          0        116   fpinit.o
         4          0          0          0          0        116   printf1.o
         0          0          0          0          0          0   usenofp.o
       900         94         80          0          0        280   asin.o
       744        106        152          0          0        352   atan.o
       496         64          0          0          0        192   atan2.o
       104         16          0          0          0        496   dunder.o
        24          0          0          0          0        124   fabs.o
        48          0          0          0          0        124   fpclassify.o
       248          0          0          0          0        152   poly.o
         0          0          8          0          0          0   qnan.o
       110          0          0          0          0        148   sqrt.o

    ----------------------------------------------------------------------
     12138        782        756          0         96       8764   Library Totals
        34          0          3          0          0          0   (incl. Padding)

    ----------------------------------------------------------------------

      Code (inc. data)   RO Data    RW Data    ZI Data      Debug   Library Name

      6916        274        513          0         96       5060   c_w.l
      2514        228          0          0          0       1836   fz_wm.l
      2674        280        240          0          0       1868   m_wm.l

    ----------------------------------------------------------------------
     12138        782        756          0         96       8764   Library Totals

    ----------------------------------------------------------------------

==============================================================================


      Code (inc. data)   RO Data    RW Data    ZI Data      Debug   

     58076       3600       5176        260      43156    1262297   Grand Totals
     58076       3600       5176        260      43156    1262297   ELF Image Totals
     58076       3600       5176        260          0          0   ROM Totals

==============================================================================

    Total RO  Size (Code + RO Data)                63252 (  61.77kB)
    Total RW  Size (RW Data + ZI Data)             43416 (  42.40kB)
    Total ROM Size (Code + RO Data + RW Data)      63512 (  62.02kB)

==============================================================================

